Archive member included to satisfy reference by file (symbol)

c:/st/stm32cubeide_1.8.0/stm32cubeide/plugins/com.st.stm32cube.ide.mcu.externaltools.gnu-tools-for-stm32.9-2020-q2-update.win32_2.0.0.202105311346/tools/bin/../lib/gcc/arm-none-eabi/9.3.1/../../../../arm-none-eabi/lib/thumb/v7e-m+fp/hard\libc_nano.a(lib_a-errno.o)
                              ./Core/Src/syscalls.o (__errno)
c:/st/stm32cubeide_1.8.0/stm32cubeide/plugins/com.st.stm32cube.ide.mcu.externaltools.gnu-tools-for-stm32.9-2020-q2-update.win32_2.0.0.202105311346/tools/bin/../lib/gcc/arm-none-eabi/9.3.1/../../../../arm-none-eabi/lib/thumb/v7e-m+fp/hard\libc_nano.a(lib_a-exit.o)
                              c:/st/stm32cubeide_1.8.0/stm32cubeide/plugins/com.st.stm32cube.ide.mcu.externaltools.gnu-tools-for-stm32.9-2020-q2-update.win32_2.0.0.202105311346/tools/bin/../lib/gcc/arm-none-eabi/9.3.1/../../../../arm-none-eabi/lib/thumb/v7e-m+fp/hard/crt0.o (exit)
c:/st/stm32cubeide_1.8.0/stm32cubeide/plugins/com.st.stm32cube.ide.mcu.externaltools.gnu-tools-for-stm32.9-2020-q2-update.win32_2.0.0.202105311346/tools/bin/../lib/gcc/arm-none-eabi/9.3.1/../../../../arm-none-eabi/lib/thumb/v7e-m+fp/hard\libc_nano.a(lib_a-impure.o)
                              c:/st/stm32cubeide_1.8.0/stm32cubeide/plugins/com.st.stm32cube.ide.mcu.externaltools.gnu-tools-for-stm32.9-2020-q2-update.win32_2.0.0.202105311346/tools/bin/../lib/gcc/arm-none-eabi/9.3.1/../../../../arm-none-eabi/lib/thumb/v7e-m+fp/hard\libc_nano.a(lib_a-exit.o) (_global_impure_ptr)
c:/st/stm32cubeide_1.8.0/stm32cubeide/plugins/com.st.stm32cube.ide.mcu.externaltools.gnu-tools-for-stm32.9-2020-q2-update.win32_2.0.0.202105311346/tools/bin/../lib/gcc/arm-none-eabi/9.3.1/../../../../arm-none-eabi/lib/thumb/v7e-m+fp/hard\libc_nano.a(lib_a-init.o)
                              c:/st/stm32cubeide_1.8.0/stm32cubeide/plugins/com.st.stm32cube.ide.mcu.externaltools.gnu-tools-for-stm32.9-2020-q2-update.win32_2.0.0.202105311346/tools/bin/../lib/gcc/arm-none-eabi/9.3.1/../../../../arm-none-eabi/lib/thumb/v7e-m+fp/hard/crt0.o (__libc_init_array)
c:/st/stm32cubeide_1.8.0/stm32cubeide/plugins/com.st.stm32cube.ide.mcu.externaltools.gnu-tools-for-stm32.9-2020-q2-update.win32_2.0.0.202105311346/tools/bin/../lib/gcc/arm-none-eabi/9.3.1/../../../../arm-none-eabi/lib/thumb/v7e-m+fp/hard\libc_nano.a(lib_a-memcmp.o)
                              ./Middlewares/ST/STM32_WPAN/ble/core/template/osal.o (memcmp)
c:/st/stm32cubeide_1.8.0/stm32cubeide/plugins/com.st.stm32cube.ide.mcu.externaltools.gnu-tools-for-stm32.9-2020-q2-update.win32_2.0.0.202105311346/tools/bin/../lib/gcc/arm-none-eabi/9.3.1/../../../../arm-none-eabi/lib/thumb/v7e-m+fp/hard\libc_nano.a(lib_a-memcpy-stub.o)
                              ./Middlewares/ST/STM32_WPAN/ble/core/template/osal.o (memcpy)
c:/st/stm32cubeide_1.8.0/stm32cubeide/plugins/com.st.stm32cube.ide.mcu.externaltools.gnu-tools-for-stm32.9-2020-q2-update.win32_2.0.0.202105311346/tools/bin/../lib/gcc/arm-none-eabi/9.3.1/../../../../arm-none-eabi/lib/thumb/v7e-m+fp/hard\libc_nano.a(lib_a-memset.o)
                              c:/st/stm32cubeide_1.8.0/stm32cubeide/plugins/com.st.stm32cube.ide.mcu.externaltools.gnu-tools-for-stm32.9-2020-q2-update.win32_2.0.0.202105311346/tools/bin/../lib/gcc/arm-none-eabi/9.3.1/../../../../arm-none-eabi/lib/thumb/v7e-m+fp/hard/crt0.o (memset)
c:/st/stm32cubeide_1.8.0/stm32cubeide/plugins/com.st.stm32cube.ide.mcu.externaltools.gnu-tools-for-stm32.9-2020-q2-update.win32_2.0.0.202105311346/tools/bin/../lib/gcc/arm-none-eabi/9.3.1/../../../../arm-none-eabi/lib/thumb/v7e-m+fp/hard\libc_nano.a(lib_a-printf.o)
                              ./Middlewares/ST/STM32_WPAN/utilities/dbg_trace.o (printf)
c:/st/stm32cubeide_1.8.0/stm32cubeide/plugins/com.st.stm32cube.ide.mcu.externaltools.gnu-tools-for-stm32.9-2020-q2-update.win32_2.0.0.202105311346/tools/bin/../lib/gcc/arm-none-eabi/9.3.1/../../../../arm-none-eabi/lib/thumb/v7e-m+fp/hard\libc_nano.a(lib_a-strlen.o)
                              ./STM32_WPAN/App/app_ble.o (strlen)
c:/st/stm32cubeide_1.8.0/stm32cubeide/plugins/com.st.stm32cube.ide.mcu.externaltools.gnu-tools-for-stm32.9-2020-q2-update.win32_2.0.0.202105311346/tools/bin/../lib/gcc/arm-none-eabi/9.3.1/../../../../arm-none-eabi/lib/thumb/v7e-m+fp/hard\libc_nano.a(lib_a-strrchr.o)
                              ./Middlewares/ST/STM32_WPAN/utilities/dbg_trace.o (strrchr)
c:/st/stm32cubeide_1.8.0/stm32cubeide/plugins/com.st.stm32cube.ide.mcu.externaltools.gnu-tools-for-stm32.9-2020-q2-update.win32_2.0.0.202105311346/tools/bin/../lib/gcc/arm-none-eabi/9.3.1/../../../../arm-none-eabi/lib/thumb/v7e-m+fp/hard\libc_nano.a(lib_a-vprintf.o)
                              ./Middlewares/ST/STM32_WPAN/utilities/dbg_trace.o (vprintf)
[...]
Memory Configuration

Name             Origin             Length             Attributes
FLASH            0x0000000008000000 0x0000000000080000 xr
RAM1             0x0000000020000004 0x000000000002fffc xrw
RAM_SHARED       0x0000000020030000 0x0000000000002800 xrw
*default*        0x0000000000000000 0xffffffffffffffff

Linker script and memory map

LOAD c:/st/stm32cubeide_1.8.0/stm32cubeide/plugins/com.st.stm32cube.ide.mcu.externaltools.gnu-tools-for-stm32.9-2020-q2-update.win32_2.0.0.202105311346/tools/bin/../lib/gcc/arm-none-eabi/9.3.1/thumb/v7e-m+fp/hard/crti.o
LOAD c:/st/stm32cubeide_1.8.0/stm32cubeide/plugins/com.st.stm32cube.ide.mcu.externaltools.gnu-tools-for-stm32.9-2020-q2-update.win32_2.0.0.202105311346/tools/bin/../lib/gcc/arm-none-eabi/9.3.1/thumb/v7e-m+fp/hard/crtbegin.o
LOAD c:/st/stm32cubeide_1.8.0/stm32cubeide/plugins/com.st.stm32cube.ide.mcu.externaltools.gnu-tools-for-stm32.9-2020-q2-update.win32_2.0.0.202105311346/tools/bin/../lib/gcc/arm-none-eabi/9.3.1/../../../../arm-none-eabi/lib/thumb/v7e-m+fp/hard/crt0.o
LOAD ./Core/Src/app_debug.o
LOAD ./Core/Src/app_entry.o
LOAD ./Core/Src/hw_timerserver.o
LOAD ./Core/Src/main.o
LOAD ./Core/Src/stm32_lpm_if.o
LOAD ./Core/Src/stm32wbxx_hal_msp.o
LOAD ./Core/Src/stm32wbxx_it.o
LOAD ./Core/Src/syscalls.o
LOAD ./Core/Src/sysmem.o
LOAD ./Core/Src/system_stm32wbxx.o
LOAD ./Core/Startup/startup_stm32wb55rgvx.o
LOAD ./Drivers/STM32WBxx_HAL_Driver/Src/stm32wbxx_hal.o
LOAD ./Drivers/STM32WBxx_HAL_Driver/Src/stm32wbxx_hal_cortex.o
LOAD ./Drivers/STM32WBxx_HAL_Driver/Src/stm32wbxx_hal_dma.o
LOAD ./Drivers/STM32WBxx_HAL_Driver/Src/stm32wbxx_hal_dma_ex.o
LOAD ./Drivers/STM32WBxx_HAL_Driver/Src/stm32wbxx_hal_exti.o
LOAD ./Drivers/STM32WBxx_HAL_Driver/Src/stm32wbxx_hal_flash.o
LOAD ./Drivers/STM32WBxx_HAL_Driver/Src/stm32wbxx_hal_flash_ex.o
LOAD ./Drivers/STM32WBxx_HAL_Driver/Src/stm32wbxx_hal_gpio.o
LOAD ./Drivers/STM32WBxx_HAL_Driver/Src/stm32wbxx_hal_hsem.o
LOAD ./Drivers/STM32WBxx_HAL_Driver/Src/stm32wbxx_hal_ipcc.o
LOAD ./Drivers/STM32WBxx_HAL_Driver/Src/stm32wbxx_hal_pwr.o
LOAD ./Drivers/STM32WBxx_HAL_Driver/Src/stm32wbxx_hal_pwr_ex.o
LOAD ./Drivers/STM32WBxx_HAL_Driver/Src/stm32wbxx_hal_rcc.o
LOAD ./Drivers/STM32WBxx_HAL_Driver/Src/stm32wbxx_hal_rcc_ex.o
LOAD ./Drivers/STM32WBxx_HAL_Driver/Src/stm32wbxx_hal_rtc.o
LOAD ./Drivers/STM32WBxx_HAL_Driver/Src/stm32wbxx_hal_rtc_ex.o
LOAD ./Drivers/STM32WBxx_HAL_Driver/Src/stm32wbxx_hal_tim.o
LOAD ./Drivers/STM32WBxx_HAL_Driver/Src/stm32wbxx_hal_tim_ex.o
LOAD ./Middlewares/ST/STM32_WPAN/ble/core/auto/ble_gap_aci.o
LOAD ./Middlewares/ST/STM32_WPAN/ble/core/auto/ble_gatt_aci.o
LOAD ./Middlewares/ST/STM32_WPAN/ble/core/auto/ble_hal_aci.o
LOAD ./Middlewares/ST/STM32_WPAN/ble/core/auto/ble_hci_le.o
LOAD ./Middlewares/ST/STM32_WPAN/ble/core/auto/ble_l2cap_aci.o
LOAD ./Middlewares/ST/STM32_WPAN/ble/core/template/osal.o
LOAD ./Middlewares/ST/STM32_WPAN/ble/svc/Src/svc_ctl.o
LOAD ./Middlewares/ST/STM32_WPAN/interface/patterns/ble_thread/shci/shci.o
LOAD ./Middlewares/ST/STM32_WPAN/interface/patterns/ble_thread/tl/hci_tl.o
LOAD ./Middlewares/ST/STM32_WPAN/interface/patterns/ble_thread/tl/hci_tl_if.o
LOAD ./Middlewares/ST/STM32_WPAN/interface/patterns/ble_thread/tl/shci_tl.o
LOAD ./Middlewares/ST/STM32_WPAN/interface/patterns/ble_thread/tl/shci_tl_if.o
LOAD ./Middlewares/ST/STM32_WPAN/interface/patterns/ble_thread/tl/tl_mbox.o
LOAD ./Middlewares/ST/STM32_WPAN/utilities/dbg_trace.o
LOAD ./Middlewares/ST/STM32_WPAN/utilities/otp.o
LOAD ./Middlewares/ST/STM32_WPAN/utilities/stm_list.o
LOAD ./Middlewares/ST/STM32_WPAN/utilities/stm_queue.o
LOAD ./STM32_WPAN/App/app_ble.o
LOAD ./STM32_WPAN/App/custom_app.o
LOAD ./STM32_WPAN/App/custom_stm.o
LOAD ./STM32_WPAN/App/ibeacon_service.o
LOAD ./STM32_WPAN/Target/hw_ipcc.o
LOAD ./Utilities/lpm/tiny_lpm/stm32_lpm.o
LOAD ./Utilities/sequencer/stm32_seq.o
START GROUP
LOAD c:/st/stm32cubeide_1.8.0/stm32cubeide/plugins/com.st.stm32cube.ide.mcu.externaltools.gnu-tools-for-stm32.9-2020-q2-update.win32_2.0.0.202105311346/tools/bin/../lib/gcc/arm-none-eabi/9.3.1/../../../../arm-none-eabi/lib/thumb/v7e-m+fp/hard\libc_nano.a
LOAD c:/st/stm32cubeide_1.8.0/stm32cubeide/plugins/com.st.stm32cube.ide.mcu.externaltools.gnu-tools-for-stm32.9-2020-q2-update.win32_2.0.0.202105311346/tools/bin/../lib/gcc/arm-none-eabi/9.3.1/../../../../arm-none-eabi/lib/thumb/v7e-m+fp/hard\libm.a
END GROUP
START GROUP
LOAD c:/st/stm32cubeide_1.8.0/stm32cubeide/plugins/com.st.stm32cube.ide.mcu.externaltools.gnu-tools-for-stm32.9-2020-q2-update.win32_2.0.0.202105311346/tools/bin/../lib/gcc/arm-none-eabi/9.3.1/thumb/v7e-m+fp/hard\libgcc.a
LOAD c:/st/stm32cubeide_1.8.0/stm32cubeide/plugins/com.st.stm32cube.ide.mcu.externaltools.gnu-tools-for-stm32.9-2020-q2-update.win32_2.0.0.202105311346/tools/bin/../lib/gcc/arm-none-eabi/9.3.1/../../../../arm-none-eabi/lib/thumb/v7e-m+fp/hard\libc_nano.a
END GROUP
START GROUP
LOAD c:/st/stm32cubeide_1.8.0/stm32cubeide/plugins/com.st.stm32cube.ide.mcu.externaltools.gnu-tools-for-stm32.9-2020-q2-update.win32_2.0.0.202105311346/tools/bin/../lib/gcc/arm-none-eabi/9.3.1/thumb/v7e-m+fp/hard\libgcc.a
LOAD c:/st/stm32cubeide_1.8.0/stm32cubeide/plugins/com.st.stm32cube.ide.mcu.externaltools.gnu-tools-for-stm32.9-2020-q2-update.win32_2.0.0.202105311346/tools/bin/../lib/gcc/arm-none-eabi/9.3.1/../../../../arm-none-eabi/lib/thumb/v7e-m+fp/hard\libc_nano.a
LOAD c:/st/stm32cubeide_1.8.0/stm32cubeide/plugins/com.st.stm32cube.ide.mcu.externaltools.gnu-tools-for-stm32.9-2020-q2-update.win32_2.0.0.202105311346/tools/bin/../lib/gcc/arm-none-eabi/9.3.1/../../../../arm-none-eabi/lib/thumb/v7e-m+fp/hard\libnosys.a
END GROUP
START GROUP
LOAD c:/st/stm32cubeide_1.8.0/stm32cubeide/plugins/com.st.stm32cube.ide.mcu.externaltools.gnu-tools-for-stm32.9-2020-q2-update.win32_2.0.0.202105311346/tools/bin/../lib/gcc/arm-none-eabi/9.3.1/thumb/v7e-m+fp/hard\libgcc.a
LOAD c:/st/stm32cubeide_1.8.0/stm32cubeide/plugins/com.st.stm32cube.ide.mcu.externaltools.gnu-tools-for-stm32.9-2020-q2-update.win32_2.0.0.202105311346/tools/bin/../lib/gcc/arm-none-eabi/9.3.1/../../../../arm-none-eabi/lib/thumb/v7e-m+fp/hard\libc_nano.a
LOAD c:/st/stm32cubeide_1.8.0/stm32cubeide/plugins/com.st.stm32cube.ide.mcu.externaltools.gnu-tools-for-stm32.9-2020-q2-update.win32_2.0.0.202105311346/tools/bin/../lib/gcc/arm-none-eabi/9.3.1/../../../../arm-none-eabi/lib/thumb/v7e-m+fp/hard\libnosys.a
END GROUP
LOAD c:/st/stm32cubeide_1.8.0/stm32cubeide/plugins/com.st.stm32cube.ide.mcu.externaltools.gnu-tools-for-stm32.9-2020-q2-update.win32_2.0.0.202105311346/tools/bin/../lib/gcc/arm-none-eabi/9.3.1/thumb/v7e-m+fp/hard/crtend.o
LOAD c:/st/stm32cubeide_1.8.0/stm32cubeide/plugins/com.st.stm32cube.ide.mcu.externaltools.gnu-tools-for-stm32.9-2020-q2-update.win32_2.0.0.202105311346/tools/bin/../lib/gcc/arm-none-eabi/9.3.1/thumb/v7e-m+fp/hard/crtn.o
                0x0000000020030000                _estack = (ORIGIN (RAM1) + LENGTH (RAM1))
                0x0000000000000200                _Min_Heap_Size = 0x200
                0x0000000000000400                _Min_Stack_Size = 0x400

.isr_vector     0x0000000008000000      0x13c
                0x0000000008000000                . = ALIGN (0x4)
 *(.isr_vector)
 .isr_vector    0x0000000008000000      0x13c ./Core/Startup/startup_stm32wb55rgvx.o
                0x0000000008000000                g_pfnVectors
                0x000000000800013c                . = ALIGN (0x4)

.text           0x000000000800013c     0x7a44
                0x000000000800013c                . = ALIGN (0x4)
 *(.text)
 .text          0x000000000800013c       0x40 c:/st/stm32cubeide_1.8.0/stm32cubeide/plugins/com.st.stm32cube.ide.mcu.externaltools.gnu-tools-for-stm32.9-2020-q2-update.win32_2.0.0.202105311346/tools/bin/../lib/gcc/arm-none-eabi/9.3.1/thumb/v7e-m+fp/hard/crtbegin.o
 .text          0x000000000800017c       0x10 c:/st/stm32cubeide_1.8.0/stm32cubeide/plugins/com.st.stm32cube.ide.mcu.externaltools.gnu-tools-for-stm32.9-2020-q2-update.win32_2.0.0.202105311346/tools/bin/../lib/gcc/arm-none-eabi/9.3.1/../../../../arm-none-eabi/lib/thumb/v7e-m+fp/hard\libc_nano.a(lib_a-strlen.o)
                0x000000000800017c                strlen
 *(.text*)
 .text.APPD_EnableCPU2
                0x000000000800018c       0x38 ./Core/Src/app_debug.o
                0x000000000800018c                APPD_EnableCPU2
 .text.LL_C2_PWR_SetPowerMode
                0x00000000080001c4       0x2c ./Core/Src/app_entry.o
 .text.LL_EXTI_EnableIT_32_63
                0x00000000080001f0       0x28 ./Core/Src/app_entry.o
 .text.LL_RCC_HSE_SetCapacitorTuning
                0x0000000008000218       0x3c ./Core/Src/app_entry.o
 .text.LL_RCC_SetClkAfterWakeFromStop
                0x0000000008000254       0x28 ./Core/Src/app_entry.o
 .text.LL_RCC_ForceBackupDomainReset
                0x000000000800027c       0x22 ./Core/Src/app_entry.o
 .text.LL_RCC_ReleaseBackupDomainReset
                0x000000000800029e       0x22 ./Core/Src/app_entry.o
 .text.LL_RCC_IsActiveFlag_PINRST
                0x00000000080002c0       0x26 ./Core/Src/app_entry.o
 .text.LL_RCC_IsActiveFlag_SFTRST
                0x00000000080002e6       0x26 ./Core/Src/app_entry.o
 .text.LL_AHB3_GRP1_EnableClock
                0x000000000800030c       0x32 ./Core/Src/app_entry.o
 *fill*         0x000000000800033e        0x2 
 .text.LL_DBGMCU_GetRevisionID
                0x0000000008000340       0x1c ./Core/Src/app_entry.o
 .text.LL_C1_IPCC_DisableTransmitChannel
                0x000000000800035c       0x24 ./Core/Src/app_entry.o
 .text.LL_C1_IPCC_DisableReceiveChannel
                0x0000000008000380       0x22 ./Core/Src/app_entry.o
 .text.LL_C2_IPCC_DisableTransmitChannel
                0x00000000080003a2       0x24 ./Core/Src/app_entry.o
 .text.LL_C2_IPCC_DisableReceiveChannel
                0x00000000080003c6       0x22 ./Core/Src/app_entry.o
 .text.LL_C1_IPCC_ClearFlag_CHx
                0x00000000080003e8       0x1c ./Core/Src/app_entry.o
 .text.LL_C2_IPCC_ClearFlag_CHx
                0x0000000008000404       0x1c ./Core/Src/app_entry.o
 .text.LL_RTC_EnableWriteProtection
                0x0000000008000420       0x1a ./Core/Src/app_entry.o
 .text.LL_RTC_DisableWriteProtection
                0x000000000800043a       0x20 ./Core/Src/app_entry.o
 .text.LL_RTC_WAKEUP_SetClock
                0x000000000800045a       0x26 ./Core/Src/app_entry.o
 .text.MX_APPE_Config
                0x0000000008000480       0x1c ./Core/Src/app_entry.o
                0x0000000008000480                MX_APPE_Config
 .text.MX_APPE_Init
                0x000000000800049c       0x20 ./Core/Src/app_entry.o
                0x000000000800049c                MX_APPE_Init
 .text.Init_Smps
                0x00000000080004bc        0xe ./Core/Src/app_entry.o
                0x00000000080004bc                Init_Smps
 .text.Init_Exti
                0x00000000080004ca        0xe ./Core/Src/app_entry.o
                0x00000000080004ca                Init_Exti
 .text.Reset_Device
                0x00000000080004d8       0x10 ./Core/Src/app_entry.o
 .text.Reset_BackupDomain
                0x00000000080004e8       0x2e ./Core/Src/app_entry.o
 *fill*         0x0000000008000516        0x2 
 .text.Reset_IPCC
                0x0000000008000518       0x44 ./Core/Src/app_entry.o
 .text.Config_HSE
                0x000000000800055c       0x28 ./Core/Src/app_entry.o
 .text.System_Init
                0x0000000008000584       0x14 ./Core/Src/app_entry.o
 .text.Init_Rtc
                0x0000000008000598       0x20 ./Core/Src/app_entry.o
 .text.SystemPower_Config
                0x00000000080005b8       0x1a ./Core/Src/app_entry.o
 *fill*         0x00000000080005d2        0x2 
 .text.appe_Tl_Init
                0x00000000080005d4       0x6c ./Core/Src/app_entry.o
 .text.APPE_SysStatusNot
                0x0000000008000640       0x16 ./Core/Src/app_entry.o
 *fill*         0x0000000008000656        0x2 
 .text.APPE_SysUserEvtRx
                0x0000000008000658       0x6c ./Core/Src/app_entry.o
 .text.APPE_SysEvtError
                0x00000000080006c4       0x22 ./Core/Src/app_entry.o
 .text.APPE_SysEvtReadyProcessing
                0x00000000080006e6       0x78 ./Core/Src/app_entry.o
 .text.MX_APPE_Process
                0x000000000800075e       0x10 ./Core/Src/app_entry.o
                0x000000000800075e                MX_APPE_Process
 .text.UTIL_SEQ_Idle
                0x000000000800076e        0xe ./Core/Src/app_entry.o
                0x000000000800076e                UTIL_SEQ_Idle
 .text.UTIL_SEQ_EvtIdle
                0x000000000800077c       0x1a ./Core/Src/app_entry.o
                0x000000000800077c                UTIL_SEQ_EvtIdle
 .text.shci_notify_asynch_evt
                0x0000000008000796       0x18 ./Core/Src/app_entry.o
                0x0000000008000796                shci_notify_asynch_evt
 .text.shci_cmd_resp_release
                0x00000000080007ae       0x16 ./Core/Src/app_entry.o
                0x00000000080007ae                shci_cmd_resp_release
 .text.shci_cmd_resp_wait
                0x00000000080007c4       0x16 ./Core/Src/app_entry.o
                0x00000000080007c4                shci_cmd_resp_wait
 *fill*         0x00000000080007da        0x2 
 .text.LL_EXTI_EnableIT_0_31
                0x00000000080007dc       0x28 ./Core/Src/hw_timerserver.o
 .text.LL_EXTI_EnableRisingTrig_0_31
                0x0000000008000804       0x24 ./Core/Src/hw_timerserver.o
 .text.ReadRtcSsrValue
                0x0000000008000828       0x40 ./Core/Src/hw_timerserver.o
 .text.LinkTimerAfter
                0x0000000008000868       0x8c ./Core/Src/hw_timerserver.o
 .text.LinkTimerBefore
                0x00000000080008f4       0xc0 ./Core/Src/hw_timerserver.o
 .text.linkTimer
                0x00000000080009b4      0x154 ./Core/Src/hw_timerserver.o
 .text.UnlinkTimer
                0x0000000008000b08      0x108 ./Core/Src/hw_timerserver.o
 .text.ReturnTimeElapsed
                0x0000000008000c10       0x80 ./Core/Src/hw_timerserver.o
 .text.RestartWakeupCounter
                0x0000000008000c90       0xbc ./Core/Src/hw_timerserver.o
 .text.RescheduleTimerList
                0x0000000008000d4c      0x13c ./Core/Src/hw_timerserver.o
 .text.HW_TS_RTC_Wakeup_Handler
                0x0000000008000e88      0x1a8 ./Core/Src/hw_timerserver.o
                0x0000000008000e88                HW_TS_RTC_Wakeup_Handler
 .text.HW_TS_Init
                0x0000000008001030      0x1cc ./Core/Src/hw_timerserver.o
                0x0000000008001030                HW_TS_Init
 .text.HW_TS_Stop
                0x00000000080011fc      0x118 ./Core/Src/hw_timerserver.o
                0x00000000080011fc                HW_TS_Stop
 .text.HW_TS_Start
                0x0000000008001314      0x110 ./Core/Src/hw_timerserver.o
                0x0000000008001314                HW_TS_Start
 .text.HW_TS_RTC_Int_AppNot
                0x0000000008001424       0x1a ./Core/Src/hw_timerserver.o
                0x0000000008001424                HW_TS_RTC_Int_AppNot
 .text.LL_RCC_LSE_SetDriveCapability
                0x000000000800143e       0x2c ./Core/Src/main.o
 .text.LL_AHB2_GRP1_EnableClock
                0x000000000800146a       0x32 ./Core/Src/main.o
 .text.main     0x000000000800149c       0x2e ./Core/Src/main.o
                0x000000000800149c                main
 *fill*         0x00000000080014ca        0x2 
 .text.SystemClock_Config
                0x00000000080014cc       0xc4 ./Core/Src/main.o
                0x00000000080014cc                SystemClock_Config
 .text.PeriphCommonClock_Config
                0x0000000008001590       0x40 ./Core/Src/main.o
                0x0000000008001590                PeriphCommonClock_Config
 .text.MX_IPCC_Init
                0x00000000080015d0       0x28 ./Core/Src/main.o
 .text.MX_RF_Init
                0x00000000080015f8        0xe ./Core/Src/main.o
 *fill*         0x0000000008001606        0x2 
 .text.MX_RTC_Init
                0x0000000008001608       0x68 ./Core/Src/main.o
 .text.MX_GPIO_Init
                0x0000000008001670       0x70 ./Core/Src/main.o
 .text.Error_Handler
                0x00000000080016e0        0xa ./Core/Src/main.o
                0x00000000080016e0                Error_Handler
 .text.LL_RCC_EnableRTC
                0x00000000080016ea       0x22 ./Core/Src/stm32wbxx_hal_msp.o
 .text.LL_AHB3_GRP1_EnableClock
                0x000000000800170c       0x32 ./Core/Src/stm32wbxx_hal_msp.o
 .text.LL_APB1_GRP1_EnableClock
                0x000000000800173e       0x32 ./Core/Src/stm32wbxx_hal_msp.o
 .text.HAL_MspInit
                0x0000000008001770       0x20 ./Core/Src/stm32wbxx_hal_msp.o
                0x0000000008001770                HAL_MspInit
 .text.HAL_IPCC_MspInit
                0x0000000008001790       0x48 ./Core/Src/stm32wbxx_hal_msp.o
                0x0000000008001790                HAL_IPCC_MspInit
 .text.HAL_RTC_MspInit
                0x00000000080017d8       0x68 ./Core/Src/stm32wbxx_hal_msp.o
                0x00000000080017d8                HAL_RTC_MspInit
 .text.NMI_Handler
                0x0000000008001840        0x6 ./Core/Src/stm32wbxx_it.o
                0x0000000008001840                NMI_Handler
 .text.HardFault_Handler
                0x0000000008001846        0x6 ./Core/Src/stm32wbxx_it.o
                0x0000000008001846                HardFault_Handler
 .text.MemManage_Handler
                0x000000000800184c        0x6 ./Core/Src/stm32wbxx_it.o
                0x000000000800184c                MemManage_Handler
 .text.BusFault_Handler
                0x0000000008001852        0x6 ./Core/Src/stm32wbxx_it.o
                0x0000000008001852                BusFault_Handler
 .text.UsageFault_Handler
                0x0000000008001858        0x6 ./Core/Src/stm32wbxx_it.o
                0x0000000008001858                UsageFault_Handler
 .text.SVC_Handler
                0x000000000800185e        0xe ./Core/Src/stm32wbxx_it.o
                0x000000000800185e                SVC_Handler
 .text.DebugMon_Handler
                0x000000000800186c        0xe ./Core/Src/stm32wbxx_it.o
                0x000000000800186c                DebugMon_Handler
 .text.PendSV_Handler
                0x000000000800187a        0xe ./Core/Src/stm32wbxx_it.o
                0x000000000800187a                PendSV_Handler
 .text.SysTick_Handler
                0x0000000008001888        0xc ./Core/Src/stm32wbxx_it.o
                0x0000000008001888                SysTick_Handler
 .text.RTC_WKUP_IRQHandler
                0x0000000008001894        0xc ./Core/Src/stm32wbxx_it.o
                0x0000000008001894                RTC_WKUP_IRQHandler
 .text.IPCC_C1_RX_IRQHandler
                0x00000000080018a0        0xc ./Core/Src/stm32wbxx_it.o
                0x00000000080018a0                IPCC_C1_RX_IRQHandler
 .text.IPCC_C1_TX_IRQHandler
                0x00000000080018ac        0xc ./Core/Src/stm32wbxx_it.o
                0x00000000080018ac                IPCC_C1_TX_IRQHandler
 .text.HSEM_IRQHandler
                0x00000000080018b8        0xc ./Core/Src/stm32wbxx_it.o
                0x00000000080018b8                HSEM_IRQHandler
 .text.SystemInit
                0x00000000080018c4       0xa4 ./Core/Src/system_stm32wbxx.o
                0x00000000080018c4                SystemInit
 .text.data_initializers
                0x0000000008001968       0x18 ./Core/Startup/startup_stm32wb55rgvx.o
 .text.Reset_Handler
                0x0000000008001980       0x54 ./Core/Startup/startup_stm32wb55rgvx.o
                0x0000000008001980                Reset_Handler
 .text.Default_Handler
                0x00000000080019d4        0x2 ./Core/Startup/startup_stm32wb55rgvx.o
                0x00000000080019d4                RTC_Alarm_IRQHandler
                0x00000000080019d4                EXTI2_IRQHandler
                0x00000000080019d4                TIM1_CC_IRQHandler
                0x00000000080019d4                TSC_IRQHandler
                0x00000000080019d4                USB_HP_IRQHandler
                0x00000000080019d4                EXTI3_IRQHandler
                0x00000000080019d4                LPTIM2_IRQHandler
                0x00000000080019d4                I2C3_ER_IRQHandler
                0x00000000080019d4                EXTI0_IRQHandler
                0x00000000080019d4                FPU_IRQHandler
                0x00000000080019d4                TIM1_UP_TIM16_IRQHandler
                0x00000000080019d4                AES1_IRQHandler
                0x00000000080019d4                SPI1_IRQHandler
                0x00000000080019d4                PWR_SOTF_BLEACT_802ACT_RFPHASE_IRQHandler
                0x00000000080019d4                DMA2_Channel2_IRQHandler
                0x00000000080019d4                DMA1_Channel4_IRQHandler
                0x00000000080019d4                ADC1_IRQHandler
                0x00000000080019d4                PKA_IRQHandler
                0x00000000080019d4                DMA1_Channel7_IRQHandler
                0x00000000080019d4                LCD_IRQHandler
                0x00000000080019d4                DMA2_Channel1_IRQHandler
                0x00000000080019d4                QUADSPI_IRQHandler
                0x00000000080019d4                I2C1_EV_IRQHandler
                0x00000000080019d4                DMAMUX1_OVR_IRQHandler
                0x00000000080019d4                DMA1_Channel6_IRQHandler
                0x00000000080019d4                DMA2_Channel4_IRQHandler
                0x00000000080019d4                RCC_IRQHandler
                0x00000000080019d4                DMA1_Channel1_IRQHandler
                0x00000000080019d4                Default_Handler
                0x00000000080019d4                DMA2_Channel7_IRQHandler
                0x00000000080019d4                EXTI15_10_IRQHandler
                0x00000000080019d4                C2SEV_PWR_C2H_IRQHandler
                0x00000000080019d4                AES2_IRQHandler
                0x00000000080019d4                I2C3_EV_IRQHandler
                0x00000000080019d4                EXTI9_5_IRQHandler
                0x00000000080019d4                PVD_PVM_IRQHandler
                0x00000000080019d4                SPI2_IRQHandler
                0x00000000080019d4                DMA2_Channel5_IRQHandler
                0x00000000080019d4                CRS_IRQHandler
                0x00000000080019d4                DMA1_Channel5_IRQHandler
                0x00000000080019d4                USB_LP_IRQHandler
                0x00000000080019d4                EXTI4_IRQHandler
                0x00000000080019d4                RNG_IRQHandler
                0x00000000080019d4                TIM1_TRG_COM_TIM17_IRQHandler
                0x00000000080019d4                TAMP_STAMP_LSECSS_IRQHandler
                0x00000000080019d4                DMA1_Channel3_IRQHandler
                0x00000000080019d4                COMP_IRQHandler
                0x00000000080019d4                WWDG_IRQHandler
                0x00000000080019d4                LPUART1_IRQHandler
                0x00000000080019d4                DMA2_Channel6_IRQHandler
                0x00000000080019d4                TIM2_IRQHandler
                0x00000000080019d4                TIM1_BRK_IRQHandler
                0x00000000080019d4                EXTI1_IRQHandler
                0x00000000080019d4                DMA1_Channel2_IRQHandler
                0x00000000080019d4                FLASH_IRQHandler
                0x00000000080019d4                USART1_IRQHandler
                0x00000000080019d4                I2C1_ER_IRQHandler
                0x00000000080019d4                LPTIM1_IRQHandler
                0x00000000080019d4                SAI1_IRQHandler
                0x00000000080019d4                DMA2_Channel3_IRQHandler
 *fill*         0x00000000080019d6        0x2 
 .text.HAL_Init
                0x00000000080019d8       0x40 ./Drivers/STM32WBxx_HAL_Driver/Src/stm32wbxx_hal.o
                0x00000000080019d8                HAL_Init
 .text.HAL_InitTick
                0x0000000008001a18       0x74 ./Drivers/STM32WBxx_HAL_Driver/Src/stm32wbxx_hal.o
                0x0000000008001a18                HAL_InitTick
 .text.HAL_IncTick
                0x0000000008001a8c       0x28 ./Drivers/STM32WBxx_HAL_Driver/Src/stm32wbxx_hal.o
                0x0000000008001a8c                HAL_IncTick
 .text.HAL_GetTick
                0x0000000008001ab4       0x18 ./Drivers/STM32WBxx_HAL_Driver/Src/stm32wbxx_hal.o
                0x0000000008001ab4                HAL_GetTick
 .text.HAL_GetTickPrio
                0x0000000008001acc       0x18 ./Drivers/STM32WBxx_HAL_Driver/Src/stm32wbxx_hal.o
                0x0000000008001acc                HAL_GetTickPrio
 .text.__NVIC_SetPriorityGrouping
                0x0000000008001ae4       0x48 ./Drivers/STM32WBxx_HAL_Driver/Src/stm32wbxx_hal_cortex.o
 .text.__NVIC_GetPriorityGrouping
                0x0000000008001b2c       0x1c ./Drivers/STM32WBxx_HAL_Driver/Src/stm32wbxx_hal_cortex.o
 .text.__NVIC_EnableIRQ
                0x0000000008001b48       0x3c ./Drivers/STM32WBxx_HAL_Driver/Src/stm32wbxx_hal_cortex.o
 .text.__NVIC_DisableIRQ
                0x0000000008001b84       0x48 ./Drivers/STM32WBxx_HAL_Driver/Src/stm32wbxx_hal_cortex.o
 .text.__NVIC_SetPendingIRQ
                0x0000000008001bcc       0x3c ./Drivers/STM32WBxx_HAL_Driver/Src/stm32wbxx_hal_cortex.o
 .text.__NVIC_ClearPendingIRQ
                0x0000000008001c08       0x3c ./Drivers/STM32WBxx_HAL_Driver/Src/stm32wbxx_hal_cortex.o
 .text.__NVIC_SetPriority
                0x0000000008001c44       0x54 ./Drivers/STM32WBxx_HAL_Driver/Src/stm32wbxx_hal_cortex.o
 .text.NVIC_EncodePriority
                0x0000000008001c98       0x66 ./Drivers/STM32WBxx_HAL_Driver/Src/stm32wbxx_hal_cortex.o
 *fill*         0x0000000008001cfe        0x2 
 .text.SysTick_Config
                0x0000000008001d00       0x44 ./Drivers/STM32WBxx_HAL_Driver/Src/stm32wbxx_hal_cortex.o
 .text.HAL_NVIC_SetPriorityGrouping
                0x0000000008001d44       0x16 ./Drivers/STM32WBxx_HAL_Driver/Src/stm32wbxx_hal_cortex.o
                0x0000000008001d44                HAL_NVIC_SetPriorityGrouping
 .text.HAL_NVIC_SetPriority
                0x0000000008001d5a       0x34 ./Drivers/STM32WBxx_HAL_Driver/Src/stm32wbxx_hal_cortex.o
                0x0000000008001d5a                HAL_NVIC_SetPriority
 .text.HAL_NVIC_EnableIRQ
                0x0000000008001d8e       0x1c ./Drivers/STM32WBxx_HAL_Driver/Src/stm32wbxx_hal_cortex.o
                0x0000000008001d8e                HAL_NVIC_EnableIRQ
 .text.HAL_NVIC_DisableIRQ
                0x0000000008001daa       0x1c ./Drivers/STM32WBxx_HAL_Driver/Src/stm32wbxx_hal_cortex.o
                0x0000000008001daa                HAL_NVIC_DisableIRQ
 .text.HAL_SYSTICK_Config
                0x0000000008001dc6       0x18 ./Drivers/STM32WBxx_HAL_Driver/Src/stm32wbxx_hal_cortex.o
                0x0000000008001dc6                HAL_SYSTICK_Config
 .text.HAL_NVIC_SetPendingIRQ
                0x0000000008001dde       0x1c ./Drivers/STM32WBxx_HAL_Driver/Src/stm32wbxx_hal_cortex.o
                0x0000000008001dde                HAL_NVIC_SetPendingIRQ
 .text.HAL_NVIC_ClearPendingIRQ
                0x0000000008001dfa       0x1c ./Drivers/STM32WBxx_HAL_Driver/Src/stm32wbxx_hal_cortex.o
                0x0000000008001dfa                HAL_NVIC_ClearPendingIRQ
 *fill*         0x0000000008001e16        0x2 
 .text.HAL_GPIO_Init
                0x0000000008001e18      0x2e0 ./Drivers/STM32WBxx_HAL_Driver/Src/stm32wbxx_hal_gpio.o
                0x0000000008001e18                HAL_GPIO_Init
 .text.HAL_GPIO_WritePin
                0x00000000080020f8       0x30 ./Drivers/STM32WBxx_HAL_Driver/Src/stm32wbxx_hal_gpio.o
                0x00000000080020f8                HAL_GPIO_WritePin
 .text.HAL_HSEM_IRQHandler
                0x0000000008002128       0x34 ./Drivers/STM32WBxx_HAL_Driver/Src/stm32wbxx_hal_hsem.o
                0x0000000008002128                HAL_HSEM_IRQHandler
 .text.HAL_HSEM_FreeCallback
                0x000000000800215c       0x14 ./Drivers/STM32WBxx_HAL_Driver/Src/stm32wbxx_hal_hsem.o
                0x000000000800215c                HAL_HSEM_FreeCallback
 .text.HAL_IPCC_Init
                0x0000000008002170       0x64 ./Drivers/STM32WBxx_HAL_Driver/Src/stm32wbxx_hal_ipcc.o
                0x0000000008002170                HAL_IPCC_Init
 .text.HAL_IPCC_RxCallback
                0x00000000080021d4       0x1a ./Drivers/STM32WBxx_HAL_Driver/Src/stm32wbxx_hal_ipcc.o
                0x00000000080021d4                HAL_IPCC_RxCallback
 .text.HAL_IPCC_TxCallback
                0x00000000080021ee       0x1a ./Drivers/STM32WBxx_HAL_Driver/Src/stm32wbxx_hal_ipcc.o
                0x00000000080021ee                HAL_IPCC_TxCallback
 .text.IPCC_SetDefaultCallbacks
                0x0000000008002208       0x4c ./Drivers/STM32WBxx_HAL_Driver/Src/stm32wbxx_hal_ipcc.o
                0x0000000008002208                IPCC_SetDefaultCallbacks
 .text.IPCC_Reset_Register
                0x0000000008002254       0x28 ./Drivers/STM32WBxx_HAL_Driver/Src/stm32wbxx_hal_ipcc.o
                0x0000000008002254                IPCC_Reset_Register
 .text.HAL_PWR_EnableBkUpAccess
                0x000000000800227c       0x20 ./Drivers/STM32WBxx_HAL_Driver/Src/stm32wbxx_hal_pwr.o
                0x000000000800227c                HAL_PWR_EnableBkUpAccess
 .text.HAL_PWREx_GetVoltageRange
                0x000000000800229c       0x1c ./Drivers/STM32WBxx_HAL_Driver/Src/stm32wbxx_hal_pwr_ex.o
                0x000000000800229c                HAL_PWREx_GetVoltageRange
 .text.LL_RCC_HSE_IsEnabledDiv2
                0x00000000080022b8       0x24 ./Drivers/STM32WBxx_HAL_Driver/Src/stm32wbxx_hal_rcc.o
 .text.LL_RCC_HSE_Enable
                0x00000000080022dc       0x1e ./Drivers/STM32WBxx_HAL_Driver/Src/stm32wbxx_hal_rcc.o
 .text.LL_RCC_HSE_Disable
                0x00000000080022fa       0x1e ./Drivers/STM32WBxx_HAL_Driver/Src/stm32wbxx_hal_rcc.o
 .text.LL_RCC_HSE_IsReady
                0x0000000008002318       0x24 ./Drivers/STM32WBxx_HAL_Driver/Src/stm32wbxx_hal_rcc.o
 .text.LL_RCC_HSI_Enable
                0x000000000800233c       0x1e ./Drivers/STM32WBxx_HAL_Driver/Src/stm32wbxx_hal_rcc.o
 .text.LL_RCC_HSI_Disable
                0x000000000800235a       0x1e ./Drivers/STM32WBxx_HAL_Driver/Src/stm32wbxx_hal_rcc.o
 .text.LL_RCC_HSI_IsReady
                0x0000000008002378       0x24 ./Drivers/STM32WBxx_HAL_Driver/Src/stm32wbxx_hal_rcc.o
 .text.LL_RCC_HSI_SetCalibTrimming
                0x000000000800239c       0x2a ./Drivers/STM32WBxx_HAL_Driver/Src/stm32wbxx_hal_rcc.o
 .text.LL_RCC_HSI48_Enable
                0x00000000080023c6       0x22 ./Drivers/STM32WBxx_HAL_Driver/Src/stm32wbxx_hal_rcc.o
 .text.LL_RCC_HSI48_Disable
                0x00000000080023e8       0x22 ./Drivers/STM32WBxx_HAL_Driver/Src/stm32wbxx_hal_rcc.o
 .text.LL_RCC_HSI48_IsReady
                0x000000000800240a       0x24 ./Drivers/STM32WBxx_HAL_Driver/Src/stm32wbxx_hal_rcc.o
 .text.LL_RCC_LSE_Enable
                0x000000000800242e       0x22 ./Drivers/STM32WBxx_HAL_Driver/Src/stm32wbxx_hal_rcc.o
 .text.LL_RCC_LSE_Disable
                0x0000000008002450       0x22 ./Drivers/STM32WBxx_HAL_Driver/Src/stm32wbxx_hal_rcc.o
 .text.LL_RCC_LSE_EnableBypass
                0x0000000008002472       0x22 ./Drivers/STM32WBxx_HAL_Driver/Src/stm32wbxx_hal_rcc.o
 .text.LL_RCC_LSE_DisableBypass
                0x0000000008002494       0x22 ./Drivers/STM32WBxx_HAL_Driver/Src/stm32wbxx_hal_rcc.o
 .text.LL_RCC_LSE_IsReady
                0x00000000080024b6       0x24 ./Drivers/STM32WBxx_HAL_Driver/Src/stm32wbxx_hal_rcc.o
 .text.LL_RCC_LSI1_Enable
                0x00000000080024da       0x22 ./Drivers/STM32WBxx_HAL_Driver/Src/stm32wbxx_hal_rcc.o
 .text.LL_RCC_LSI1_Disable
                0x00000000080024fc       0x22 ./Drivers/STM32WBxx_HAL_Driver/Src/stm32wbxx_hal_rcc.o
 .text.LL_RCC_LSI1_IsReady
                0x000000000800251e       0x24 ./Drivers/STM32WBxx_HAL_Driver/Src/stm32wbxx_hal_rcc.o
 .text.LL_RCC_LSI2_Enable
                0x0000000008002542       0x22 ./Drivers/STM32WBxx_HAL_Driver/Src/stm32wbxx_hal_rcc.o
 .text.LL_RCC_LSI2_Disable
                0x0000000008002564       0x22 ./Drivers/STM32WBxx_HAL_Driver/Src/stm32wbxx_hal_rcc.o
 .text.LL_RCC_LSI2_IsReady
                0x0000000008002586       0x24 ./Drivers/STM32WBxx_HAL_Driver/Src/stm32wbxx_hal_rcc.o
 .text.LL_RCC_LSI2_SetTrimming
                0x00000000080025aa       0x2e ./Drivers/STM32WBxx_HAL_Driver/Src/stm32wbxx_hal_rcc.o
 .text.LL_RCC_MSI_Enable
                0x00000000080025d8       0x1e ./Drivers/STM32WBxx_HAL_Driver/Src/stm32wbxx_hal_rcc.o
 .text.LL_RCC_MSI_Disable
                0x00000000080025f6       0x1e ./Drivers/STM32WBxx_HAL_Driver/Src/stm32wbxx_hal_rcc.o
 .text.LL_RCC_MSI_IsReady
                0x0000000008002614       0x22 ./Drivers/STM32WBxx_HAL_Driver/Src/stm32wbxx_hal_rcc.o
 .text.LL_RCC_MSI_SetRange
                0x0000000008002636       0x28 ./Drivers/STM32WBxx_HAL_Driver/Src/stm32wbxx_hal_rcc.o
 .text.LL_RCC_MSI_GetRange
                0x000000000800265e       0x2a ./Drivers/STM32WBxx_HAL_Driver/Src/stm32wbxx_hal_rcc.o
 .text.LL_RCC_MSI_SetCalibTrimming
                0x0000000008002688       0x2a ./Drivers/STM32WBxx_HAL_Driver/Src/stm32wbxx_hal_rcc.o
 .text.LL_RCC_SetSysClkSource
                0x00000000080026b2       0x28 ./Drivers/STM32WBxx_HAL_Driver/Src/stm32wbxx_hal_rcc.o
 .text.LL_RCC_GetSysClkSource
                0x00000000080026da       0x18 ./Drivers/STM32WBxx_HAL_Driver/Src/stm32wbxx_hal_rcc.o
 .text.LL_RCC_SetAHBPrescaler
                0x00000000080026f2       0x28 ./Drivers/STM32WBxx_HAL_Driver/Src/stm32wbxx_hal_rcc.o
 .text.LL_C2_RCC_SetAHBPrescaler
                0x000000000800271a       0x2c ./Drivers/STM32WBxx_HAL_Driver/Src/stm32wbxx_hal_rcc.o
 .text.LL_RCC_SetAHB4Prescaler
                0x0000000008002746       0x2e ./Drivers/STM32WBxx_HAL_Driver/Src/stm32wbxx_hal_rcc.o
 .text.LL_RCC_SetAPB1Prescaler
                0x0000000008002774       0x28 ./Drivers/STM32WBxx_HAL_Driver/Src/stm32wbxx_hal_rcc.o
 .text.LL_RCC_SetAPB2Prescaler
                0x000000000800279c       0x28 ./Drivers/STM32WBxx_HAL_Driver/Src/stm32wbxx_hal_rcc.o
 .text.LL_RCC_GetAHBPrescaler
                0x00000000080027c4       0x18 ./Drivers/STM32WBxx_HAL_Driver/Src/stm32wbxx_hal_rcc.o
 .text.LL_RCC_GetAHB4Prescaler
                0x00000000080027dc       0x1c ./Drivers/STM32WBxx_HAL_Driver/Src/stm32wbxx_hal_rcc.o
 .text.LL_RCC_PLL_Enable
                0x00000000080027f8       0x1e ./Drivers/STM32WBxx_HAL_Driver/Src/stm32wbxx_hal_rcc.o
 .text.LL_RCC_PLL_Disable
                0x0000000008002816       0x1e ./Drivers/STM32WBxx_HAL_Driver/Src/stm32wbxx_hal_rcc.o
 .text.LL_RCC_PLL_IsReady
                0x0000000008002834       0x24 ./Drivers/STM32WBxx_HAL_Driver/Src/stm32wbxx_hal_rcc.o
 .text.LL_RCC_PLL_GetN
                0x0000000008002858       0x1a ./Drivers/STM32WBxx_HAL_Driver/Src/stm32wbxx_hal_rcc.o
 .text.LL_RCC_PLL_GetR
                0x0000000008002872       0x18 ./Drivers/STM32WBxx_HAL_Driver/Src/stm32wbxx_hal_rcc.o
 .text.LL_RCC_PLL_GetDivider
                0x000000000800288a       0x18 ./Drivers/STM32WBxx_HAL_Driver/Src/stm32wbxx_hal_rcc.o
 .text.LL_RCC_PLL_GetMainSource
                0x00000000080028a2       0x18 ./Drivers/STM32WBxx_HAL_Driver/Src/stm32wbxx_hal_rcc.o
 .text.LL_RCC_IsActiveFlag_HPRE
                0x00000000080028ba       0x24 ./Drivers/STM32WBxx_HAL_Driver/Src/stm32wbxx_hal_rcc.o
 .text.LL_RCC_IsActiveFlag_C2HPRE
                0x00000000080028de       0x26 ./Drivers/STM32WBxx_HAL_Driver/Src/stm32wbxx_hal_rcc.o
 .text.LL_RCC_IsActiveFlag_SHDHPRE
                0x0000000008002904       0x26 ./Drivers/STM32WBxx_HAL_Driver/Src/stm32wbxx_hal_rcc.o
 .text.LL_RCC_IsActiveFlag_PPRE1
                0x000000000800292a       0x24 ./Drivers/STM32WBxx_HAL_Driver/Src/stm32wbxx_hal_rcc.o
 .text.LL_RCC_IsActiveFlag_PPRE2
                0x000000000800294e       0x24 ./Drivers/STM32WBxx_HAL_Driver/Src/stm32wbxx_hal_rcc.o
 *fill*         0x0000000008002972        0x2 
 .text.HAL_RCC_OscConfig
                0x0000000008002974      0x718 ./Drivers/STM32WBxx_HAL_Driver/Src/stm32wbxx_hal_rcc.o
                0x0000000008002974                HAL_RCC_OscConfig
 .text.HAL_RCC_ClockConfig
                0x000000000800308c      0x280 ./Drivers/STM32WBxx_HAL_Driver/Src/stm32wbxx_hal_rcc.o
                0x000000000800308c                HAL_RCC_ClockConfig
 .text.HAL_RCC_GetSysClockFreq
                0x000000000800330c       0xd8 ./Drivers/STM32WBxx_HAL_Driver/Src/stm32wbxx_hal_rcc.o
                0x000000000800330c                HAL_RCC_GetSysClockFreq
 .text.HAL_RCC_GetHCLKFreq
                0x00000000080033e4       0x28 ./Drivers/STM32WBxx_HAL_Driver/Src/stm32wbxx_hal_rcc.o
                0x00000000080033e4                HAL_RCC_GetHCLKFreq
 .text.RCC_SetFlashLatencyFromMSIRange
                0x000000000800340c       0x70 ./Drivers/STM32WBxx_HAL_Driver/Src/stm32wbxx_hal_rcc.o
 .text.RCC_SetFlashLatency
                0x000000000800347c      0x100 ./Drivers/STM32WBxx_HAL_Driver/Src/stm32wbxx_hal_rcc.o
 .text.LL_RCC_LSE_IsEnabled
                0x000000000800357c       0x24 ./Drivers/STM32WBxx_HAL_Driver/Src/stm32wbxx_hal_rcc_ex.o
 .text.LL_RCC_LSE_IsReady
                0x00000000080035a0       0x24 ./Drivers/STM32WBxx_HAL_Driver/Src/stm32wbxx_hal_rcc_ex.o
 .text.LL_RCC_SetRFWKPClockSource
                0x00000000080035c4       0x2c ./Drivers/STM32WBxx_HAL_Driver/Src/stm32wbxx_hal_rcc_ex.o
 .text.LL_RCC_SetSMPSClockSource
                0x00000000080035f0       0x28 ./Drivers/STM32WBxx_HAL_Driver/Src/stm32wbxx_hal_rcc_ex.o
 .text.LL_RCC_SetSMPSPrescaler
                0x0000000008003618       0x28 ./Drivers/STM32WBxx_HAL_Driver/Src/stm32wbxx_hal_rcc_ex.o
 .text.LL_RCC_SetUSARTClockSource
                0x0000000008003640       0x2c ./Drivers/STM32WBxx_HAL_Driver/Src/stm32wbxx_hal_rcc_ex.o
 .text.LL_RCC_SetLPUARTClockSource
                0x000000000800366c       0x2c ./Drivers/STM32WBxx_HAL_Driver/Src/stm32wbxx_hal_rcc_ex.o
 .text.LL_RCC_SetI2CClockSource
                0x0000000008003698       0x3a ./Drivers/STM32WBxx_HAL_Driver/Src/stm32wbxx_hal_rcc_ex.o
 .text.LL_RCC_SetLPTIMClockSource
                0x00000000080036d2       0x34 ./Drivers/STM32WBxx_HAL_Driver/Src/stm32wbxx_hal_rcc_ex.o
 .text.LL_RCC_SetSAIClockSource
                0x0000000008003706       0x2c ./Drivers/STM32WBxx_HAL_Driver/Src/stm32wbxx_hal_rcc_ex.o
 .text.LL_RCC_SetRNGClockSource
                0x0000000008003732       0x2c ./Drivers/STM32WBxx_HAL_Driver/Src/stm32wbxx_hal_rcc_ex.o
 .text.LL_RCC_SetCLK48ClockSource
                0x000000000800375e       0x2c ./Drivers/STM32WBxx_HAL_Driver/Src/stm32wbxx_hal_rcc_ex.o
 .text.LL_RCC_SetUSBClockSource
                0x000000000800378a       0x16 ./Drivers/STM32WBxx_HAL_Driver/Src/stm32wbxx_hal_rcc_ex.o
 .text.LL_RCC_SetADCClockSource
                0x00000000080037a0       0x2c ./Drivers/STM32WBxx_HAL_Driver/Src/stm32wbxx_hal_rcc_ex.o
 .text.LL_RCC_SetRTCClockSource
                0x00000000080037cc       0x2c ./Drivers/STM32WBxx_HAL_Driver/Src/stm32wbxx_hal_rcc_ex.o
 .text.LL_RCC_GetRTCClockSource
                0x00000000080037f8       0x1a ./Drivers/STM32WBxx_HAL_Driver/Src/stm32wbxx_hal_rcc_ex.o
 .text.LL_RCC_ForceBackupDomainReset
                0x0000000008003812       0x22 ./Drivers/STM32WBxx_HAL_Driver/Src/stm32wbxx_hal_rcc_ex.o
 .text.LL_RCC_ReleaseBackupDomainReset
                0x0000000008003834       0x22 ./Drivers/STM32WBxx_HAL_Driver/Src/stm32wbxx_hal_rcc_ex.o
 .text.LL_RCC_PLLSAI1_Enable
                0x0000000008003856       0x1e ./Drivers/STM32WBxx_HAL_Driver/Src/stm32wbxx_hal_rcc_ex.o
 .text.LL_RCC_PLLSAI1_Disable
                0x0000000008003874       0x1e ./Drivers/STM32WBxx_HAL_Driver/Src/stm32wbxx_hal_rcc_ex.o
 .text.LL_RCC_PLLSAI1_IsReady
                0x0000000008003892       0x24 ./Drivers/STM32WBxx_HAL_Driver/Src/stm32wbxx_hal_rcc_ex.o
 .text.HAL_RCCEx_PeriphCLKConfig
                0x00000000080038b6      0x2ec ./Drivers/STM32WBxx_HAL_Driver/Src/stm32wbxx_hal_rcc_ex.o
                0x00000000080038b6                HAL_RCCEx_PeriphCLKConfig
 .text.RCCEx_PLLSAI1_ConfigNP
                0x0000000008003ba2       0xb6 ./Drivers/STM32WBxx_HAL_Driver/Src/stm32wbxx_hal_rcc_ex.o
 .text.RCCEx_PLLSAI1_ConfigNQ
                0x0000000008003c58       0xb6 ./Drivers/STM32WBxx_HAL_Driver/Src/stm32wbxx_hal_rcc_ex.o
 .text.RCCEx_PLLSAI1_ConfigNR
                0x0000000008003d0e       0xb6 ./Drivers/STM32WBxx_HAL_Driver/Src/stm32wbxx_hal_rcc_ex.o
 .text.HAL_RTC_Init
                0x0000000008003dc4      0x13c ./Drivers/STM32WBxx_HAL_Driver/Src/stm32wbxx_hal_rtc.o
                0x0000000008003dc4                HAL_RTC_Init
 .text.HAL_RTC_WaitForSynchro
                0x0000000008003f00       0x4c ./Drivers/STM32WBxx_HAL_Driver/Src/stm32wbxx_hal_rtc.o
                0x0000000008003f00                HAL_RTC_WaitForSynchro
 .text.RTC_EnterInitMode
                0x0000000008003f4c       0x54 ./Drivers/STM32WBxx_HAL_Driver/Src/stm32wbxx_hal_rtc.o
                0x0000000008003f4c                RTC_EnterInitMode
 .text.HAL_RTCEx_SetWakeUpTimer_IT
                0x0000000008003fa0      0x178 ./Drivers/STM32WBxx_HAL_Driver/Src/stm32wbxx_hal_rtc_ex.o
                0x0000000008003fa0                HAL_RTCEx_SetWakeUpTimer_IT
 .text.aci_gap_set_non_discoverable
                0x0000000008004118       0x48 ./Middlewares/ST/STM32_WPAN/ble/core/auto/ble_gap_aci.o
                0x0000000008004118                aci_gap_set_non_discoverable
 .text.aci_gap_set_discoverable
                0x0000000008004160      0x1bc ./Middlewares/ST/STM32_WPAN/ble/core/auto/ble_gap_aci.o
                0x0000000008004160                aci_gap_set_discoverable
 .text.aci_gap_set_io_capability
                0x000000000800431c       0x94 ./Middlewares/ST/STM32_WPAN/ble/core/auto/ble_gap_aci.o
                0x000000000800431c                aci_gap_set_io_capability
 .text.aci_gap_set_authentication_requirement
                0x00000000080043b0      0x150 ./Middlewares/ST/STM32_WPAN/ble/core/auto/ble_gap_aci.o
                0x00000000080043b0                aci_gap_set_authentication_requirement
 .text.aci_gap_pass_key_resp
                0x0000000008004500       0xae ./Middlewares/ST/STM32_WPAN/ble/core/auto/ble_gap_aci.o
                0x0000000008004500                aci_gap_pass_key_resp
 .text.aci_gap_init
                0x00000000080045ae      0x116 ./Middlewares/ST/STM32_WPAN/ble/core/auto/ble_gap_aci.o
                0x00000000080045ae                aci_gap_init
 .text.aci_gap_update_adv_data
                0x00000000080046c4       0xb8 ./Middlewares/ST/STM32_WPAN/ble/core/auto/ble_gap_aci.o
                0x00000000080046c4                aci_gap_update_adv_data
 .text.aci_gap_delete_ad_type
                0x000000000800477c       0x94 ./Middlewares/ST/STM32_WPAN/ble/core/auto/ble_gap_aci.o
                0x000000000800477c                aci_gap_delete_ad_type
 .text.aci_gap_configure_whitelist
                0x0000000008004810       0x48 ./Middlewares/ST/STM32_WPAN/ble/core/auto/ble_gap_aci.o
                0x0000000008004810                aci_gap_configure_whitelist
 .text.aci_gap_numeric_comparison_value_confirm_yesno
                0x0000000008004858       0xae ./Middlewares/ST/STM32_WPAN/ble/core/auto/ble_gap_aci.o
                0x0000000008004858                aci_gap_numeric_comparison_value_confirm_yesno
 .text.aci_gatt_init
                0x0000000008004906       0x4a ./Middlewares/ST/STM32_WPAN/ble/core/auto/ble_gatt_aci.o
                0x0000000008004906                aci_gatt_init
 .text.aci_gatt_add_service
                0x0000000008004950      0x15e ./Middlewares/ST/STM32_WPAN/ble/core/auto/ble_gatt_aci.o
                0x0000000008004950                aci_gatt_add_service
 .text.aci_gatt_add_char
                0x0000000008004aae      0x1d4 ./Middlewares/ST/STM32_WPAN/ble/core/auto/ble_gatt_aci.o
                0x0000000008004aae                aci_gatt_add_char
 .text.aci_gatt_update_char_value
                0x0000000008004c82      0x10e ./Middlewares/ST/STM32_WPAN/ble/core/auto/ble_gatt_aci.o
                0x0000000008004c82                aci_gatt_update_char_value
 .text.aci_hal_write_config_data
                0x0000000008004d90       0xd2 ./Middlewares/ST/STM32_WPAN/ble/core/auto/ble_hal_aci.o
                0x0000000008004d90                aci_hal_write_config_data
 .text.aci_hal_set_tx_power_level
                0x0000000008004e62       0xae ./Middlewares/ST/STM32_WPAN/ble/core/auto/ble_hal_aci.o
                0x0000000008004e62                aci_hal_set_tx_power_level
 .text.aci_hal_set_radio_activity_mask
                0x0000000008004f10       0x94 ./Middlewares/ST/STM32_WPAN/ble/core/auto/ble_hal_aci.o
                0x0000000008004f10                aci_hal_set_radio_activity_mask
 .text.hci_reset
                0x0000000008004fa4       0x48 ./Middlewares/ST/STM32_WPAN/ble/core/auto/ble_hci_le.o
                0x0000000008004fa4                hci_reset
 .text.hci_le_set_scan_response_data
                0x0000000008004fec       0xb2 ./Middlewares/ST/STM32_WPAN/ble/core/auto/ble_hci_le.o
                0x0000000008004fec                hci_le_set_scan_response_data
 .text.hci_le_set_default_phy
                0x000000000800509e       0xce ./Middlewares/ST/STM32_WPAN/ble/core/auto/ble_hci_le.o
                0x000000000800509e                hci_le_set_default_phy
 .text.Osal_MemCpy
                0x000000000800516c       0x20 ./Middlewares/ST/STM32_WPAN/ble/core/template/osal.o
                0x000000000800516c                Osal_MemCpy
 .text.Osal_MemSet
                0x000000000800518c       0x20 ./Middlewares/ST/STM32_WPAN/ble/core/template/osal.o
                0x000000000800518c                Osal_MemSet
 .text.BAS_Init
                0x00000000080051ac        0xe ./Middlewares/ST/STM32_WPAN/ble/svc/Src/svc_ctl.o
                0x00000000080051ac                BAS_Init
 .text.BLS_Init
                0x00000000080051ba        0xe ./Middlewares/ST/STM32_WPAN/ble/svc/Src/svc_ctl.o
                0x00000000080051ba                BLS_Init
 .text.CRS_STM_Init
                0x00000000080051c8        0xe ./Middlewares/ST/STM32_WPAN/ble/svc/Src/svc_ctl.o
                0x00000000080051c8                CRS_STM_Init
 .text.DIS_Init
                0x00000000080051d6        0xe ./Middlewares/ST/STM32_WPAN/ble/svc/Src/svc_ctl.o
                0x00000000080051d6                DIS_Init
 .text.EDS_STM_Init
                0x00000000080051e4        0xe ./Middlewares/ST/STM32_WPAN/ble/svc/Src/svc_ctl.o
                0x00000000080051e4                EDS_STM_Init
 .text.HIDS_Init
                0x00000000080051f2        0xe ./Middlewares/ST/STM32_WPAN/ble/svc/Src/svc_ctl.o
                0x00000000080051f2                HIDS_Init
 .text.HRS_Init
                0x0000000008005200        0xe ./Middlewares/ST/STM32_WPAN/ble/svc/Src/svc_ctl.o
                0x0000000008005200                HRS_Init
 .text.HTS_Init
                0x000000000800520e        0xe ./Middlewares/ST/STM32_WPAN/ble/svc/Src/svc_ctl.o
                0x000000000800520e                HTS_Init
 .text.IAS_Init
                0x000000000800521c        0xe ./Middlewares/ST/STM32_WPAN/ble/svc/Src/svc_ctl.o
                0x000000000800521c                IAS_Init
 .text.LLS_Init
                0x000000000800522a        0xe ./Middlewares/ST/STM32_WPAN/ble/svc/Src/svc_ctl.o
                0x000000000800522a                LLS_Init
 .text.TPS_Init
                0x0000000008005238        0xe ./Middlewares/ST/STM32_WPAN/ble/svc/Src/svc_ctl.o
                0x0000000008005238                TPS_Init
 .text.MOTENV_STM_Init
                0x0000000008005246        0xe ./Middlewares/ST/STM32_WPAN/ble/svc/Src/svc_ctl.o
                0x0000000008005246                MOTENV_STM_Init
 .text.P2PS_STM_Init
                0x0000000008005254        0xe ./Middlewares/ST/STM32_WPAN/ble/svc/Src/svc_ctl.o
                0x0000000008005254                P2PS_STM_Init
 .text.ZDD_STM_Init
                0x0000000008005262        0xe ./Middlewares/ST/STM32_WPAN/ble/svc/Src/svc_ctl.o
                0x0000000008005262                ZDD_STM_Init
 .text.OTAS_STM_Init
                0x0000000008005270        0xe ./Middlewares/ST/STM32_WPAN/ble/svc/Src/svc_ctl.o
                0x0000000008005270                OTAS_STM_Init
 .text.MESH_Init
                0x000000000800527e        0xe ./Middlewares/ST/STM32_WPAN/ble/svc/Src/svc_ctl.o
                0x000000000800527e                MESH_Init
 .text.BVOPUS_STM_Init
                0x000000000800528c        0xe ./Middlewares/ST/STM32_WPAN/ble/svc/Src/svc_ctl.o
                0x000000000800528c                BVOPUS_STM_Init
 *fill*         0x000000000800529a        0x2 
 .text.SVCCTL_Init
                0x000000000800529c       0x20 ./Middlewares/ST/STM32_WPAN/ble/svc/Src/svc_ctl.o
                0x000000000800529c                SVCCTL_Init
 .text.SVCCTL_SvcInit
                0x00000000080052bc       0x50 ./Middlewares/ST/STM32_WPAN/ble/svc/Src/svc_ctl.o
                0x00000000080052bc                SVCCTL_SvcInit
 .text.SVCCTL_RegisterSvcHandler
                0x000000000800530c       0x34 ./Middlewares/ST/STM32_WPAN/ble/svc/Src/svc_ctl.o
                0x000000000800530c                SVCCTL_RegisterSvcHandler
 .text.SVCCTL_UserEvtRx
                0x0000000008005340       0xa8 ./Middlewares/ST/STM32_WPAN/ble/svc/Src/svc_ctl.o
                0x0000000008005340                SVCCTL_UserEvtRx
 .text.SHCI_C2_BLE_Init
                0x00000000080053e8       0x2e ./Middlewares/ST/STM32_WPAN/interface/patterns/ble_thread/shci/shci.o
                0x00000000080053e8                SHCI_C2_BLE_Init
 .text.SHCI_C2_DEBUG_Init
                0x0000000008005416       0x2e ./Middlewares/ST/STM32_WPAN/interface/patterns/ble_thread/shci/shci.o
                0x0000000008005416                SHCI_C2_DEBUG_Init
 .text.SHCI_C2_Config
                0x0000000008005444       0x2a ./Middlewares/ST/STM32_WPAN/interface/patterns/ble_thread/shci/shci.o
                0x0000000008005444                SHCI_C2_Config
 *fill*         0x000000000800546e        0x2 
 .text.SHCI_GetWirelessFwInfo
                0x0000000008005470      0x15c ./Middlewares/ST/STM32_WPAN/interface/patterns/ble_thread/shci/shci.o
                0x0000000008005470                SHCI_GetWirelessFwInfo
 .text.hci_init
                0x00000000080055cc       0x38 ./Middlewares/ST/STM32_WPAN/interface/patterns/ble_thread/tl/hci_tl.o
                0x00000000080055cc                hci_init
 .text.hci_user_evt_proc
                0x0000000008005604       0x9c ./Middlewares/ST/STM32_WPAN/interface/patterns/ble_thread/tl/hci_tl.o
                0x0000000008005604                hci_user_evt_proc
 .text.hci_send_req
                0x00000000080056a0       0xfc ./Middlewares/ST/STM32_WPAN/interface/patterns/ble_thread/tl/hci_tl.o
                0x00000000080056a0                hci_send_req
 .text.TlInit   0x000000000800579c       0x60 ./Middlewares/ST/STM32_WPAN/interface/patterns/ble_thread/tl/hci_tl.o
 .text.SendCmd  0x00000000080057fc       0x4c ./Middlewares/ST/STM32_WPAN/interface/patterns/ble_thread/tl/hci_tl.o
 .text.NotifyCmdStatus
                0x0000000008005848       0x40 ./Middlewares/ST/STM32_WPAN/interface/patterns/ble_thread/tl/hci_tl.o
 .text.TlEvtReceived
                0x0000000008005888       0x48 ./Middlewares/ST/STM32_WPAN/interface/patterns/ble_thread/tl/hci_tl.o
 .text.hci_register_io_bus
                0x00000000080058d0       0x28 ./Middlewares/ST/STM32_WPAN/interface/patterns/ble_thread/tl/hci_tl_if.o
                0x00000000080058d0                hci_register_io_bus
 .text.shci_init
                0x00000000080058f8       0x38 ./Middlewares/ST/STM32_WPAN/interface/patterns/ble_thread/tl/shci_tl.o
                0x00000000080058f8                shci_init
 .text.shci_user_evt_proc
                0x0000000008005930       0x9c ./Middlewares/ST/STM32_WPAN/interface/patterns/ble_thread/tl/shci_tl.o
                0x0000000008005930                shci_user_evt_proc
 .text.shci_send
                0x00000000080059cc       0x7c ./Middlewares/ST/STM32_WPAN/interface/patterns/ble_thread/tl/shci_tl.o
                0x00000000080059cc                shci_send
 .text.TlInit   0x0000000008005a48       0x64 ./Middlewares/ST/STM32_WPAN/interface/patterns/ble_thread/tl/shci_tl.o
 .text.Cmd_SetStatus
                0x0000000008005aac       0x50 ./Middlewares/ST/STM32_WPAN/interface/patterns/ble_thread/tl/shci_tl.o
 .text.TlCmdEvtReceived
                0x0000000008005afc       0x16 ./Middlewares/ST/STM32_WPAN/interface/patterns/ble_thread/tl/shci_tl.o
 *fill*         0x0000000008005b12        0x2 
 .text.TlUserEvtReceived
                0x0000000008005b14       0x24 ./Middlewares/ST/STM32_WPAN/interface/patterns/ble_thread/tl/shci_tl.o
 .text.shci_register_io_bus
                0x0000000008005b38       0x28 ./Middlewares/ST/STM32_WPAN/interface/patterns/ble_thread/tl/shci_tl_if.o
                0x0000000008005b38                shci_register_io_bus
 .text.TL_Enable
                0x0000000008005b60        0xc ./Middlewares/ST/STM32_WPAN/interface/patterns/ble_thread/tl/tl_mbox.o
                0x0000000008005b60                TL_Enable
 .text.TL_Init  0x0000000008005b6c       0x74 ./Middlewares/ST/STM32_WPAN/interface/patterns/ble_thread/tl/tl_mbox.o
                0x0000000008005b6c                TL_Init
 .text.TL_BLE_Init
                0x0000000008005be0       0x68 ./Middlewares/ST/STM32_WPAN/interface/patterns/ble_thread/tl/tl_mbox.o
                0x0000000008005be0                TL_BLE_Init
 .text.TL_BLE_SendCmd
                0x0000000008005c48       0x38 ./Middlewares/ST/STM32_WPAN/interface/patterns/ble_thread/tl/tl_mbox.o
                0x0000000008005c48                TL_BLE_SendCmd
 .text.HW_IPCC_BLE_RxEvtNot
                0x0000000008005c80       0x60 ./Middlewares/ST/STM32_WPAN/interface/patterns/ble_thread/tl/tl_mbox.o
                0x0000000008005c80                HW_IPCC_BLE_RxEvtNot
 .text.HW_IPCC_BLE_AclDataAckNot
                0x0000000008005ce0       0x14 ./Middlewares/ST/STM32_WPAN/interface/patterns/ble_thread/tl/tl_mbox.o
                0x0000000008005ce0                HW_IPCC_BLE_AclDataAckNot
 .text.TL_SYS_Init
                0x0000000008005cf4       0x54 ./Middlewares/ST/STM32_WPAN/interface/patterns/ble_thread/tl/tl_mbox.o
                0x0000000008005cf4                TL_SYS_Init
 .text.TL_SYS_SendCmd
                0x0000000008005d48       0x38 ./Middlewares/ST/STM32_WPAN/interface/patterns/ble_thread/tl/tl_mbox.o
                0x0000000008005d48                TL_SYS_SendCmd
 .text.HW_IPCC_SYS_CmdEvtNot
                0x0000000008005d80       0x2c ./Middlewares/ST/STM32_WPAN/interface/patterns/ble_thread/tl/tl_mbox.o
                0x0000000008005d80                HW_IPCC_SYS_CmdEvtNot
 .text.HW_IPCC_SYS_EvtNot
                0x0000000008005dac       0x44 ./Middlewares/ST/STM32_WPAN/interface/patterns/ble_thread/tl/tl_mbox.o
                0x0000000008005dac                HW_IPCC_SYS_EvtNot
 .text.TL_MM_Init
                0x0000000008005df0       0x78 ./Middlewares/ST/STM32_WPAN/interface/patterns/ble_thread/tl/tl_mbox.o
                0x0000000008005df0                TL_MM_Init
 .text.TL_MM_EvtDone
                0x0000000008005e68       0x30 ./Middlewares/ST/STM32_WPAN/interface/patterns/ble_thread/tl/tl_mbox.o
                0x0000000008005e68                TL_MM_EvtDone
 .text.SendFreeBuf
                0x0000000008005e98       0x40 ./Middlewares/ST/STM32_WPAN/interface/patterns/ble_thread/tl/tl_mbox.o
 .text.TL_TRACES_Init
                0x0000000008005ed8       0x24 ./Middlewares/ST/STM32_WPAN/interface/patterns/ble_thread/tl/tl_mbox.o
                0x0000000008005ed8                TL_TRACES_Init
 .text.HW_IPCC_TRACES_EvtNot
                0x0000000008005efc       0x34 ./Middlewares/ST/STM32_WPAN/interface/patterns/ble_thread/tl/tl_mbox.o
                0x0000000008005efc                HW_IPCC_TRACES_EvtNot
 .text.TL_TRACES_EvtReceived
                0x0000000008005f30       0x14 ./Middlewares/ST/STM32_WPAN/interface/patterns/ble_thread/tl/tl_mbox.o
                0x0000000008005f30                TL_TRACES_EvtReceived
 .text.OutputDbgTrace
                0x0000000008005f44       0xac ./Middlewares/ST/STM32_WPAN/interface/patterns/ble_thread/tl/tl_mbox.o
 .text.OTP_Read
                0x0000000008005ff0       0x50 ./Middlewares/ST/STM32_WPAN/utilities/otp.o
                0x0000000008005ff0                OTP_Read
 .text.LST_init_head
                0x0000000008006040       0x20 ./Middlewares/ST/STM32_WPAN/utilities/stm_list.o
                0x0000000008006040                LST_init_head
 .text.LST_is_empty
                0x0000000008006060       0x44 ./Middlewares/ST/STM32_WPAN/utilities/stm_list.o
                0x0000000008006060                LST_is_empty
 .text.LST_insert_head
                0x00000000080060a4       0x4c ./Middlewares/ST/STM32_WPAN/utilities/stm_list.o
                0x00000000080060a4                LST_insert_head
 .text.LST_insert_tail
                0x00000000080060f0       0x4c ./Middlewares/ST/STM32_WPAN/utilities/stm_list.o
                0x00000000080060f0                LST_insert_tail
 .text.LST_remove_node
                0x000000000800613c       0x42 ./Middlewares/ST/STM32_WPAN/utilities/stm_list.o
                0x000000000800613c                LST_remove_node
 .text.LST_remove_head
                0x000000000800617e       0x3e ./Middlewares/ST/STM32_WPAN/utilities/stm_list.o
                0x000000000800617e                LST_remove_head
 .text.LL_FLASH_GetUDN
                0x00000000080061bc       0x18 ./STM32_WPAN/App/app_ble.o
 .text.LL_FLASH_GetDeviceID
                0x00000000080061d4       0x18 ./STM32_WPAN/App/app_ble.o
 .text.LL_FLASH_GetSTCompanyID
                0x00000000080061ec       0x18 ./STM32_WPAN/App/app_ble.o
 .text.APP_BLE_Init
                0x0000000008006204       0x9c ./STM32_WPAN/App/app_ble.o
                0x0000000008006204                APP_BLE_Init
 .text.SVCCTL_App_Notification
                0x00000000080062a0      0x180 ./STM32_WPAN/App/app_ble.o
                0x00000000080062a0                SVCCTL_App_Notification
 .text.Ble_Tl_Init
                0x0000000008006420       0x2c ./STM32_WPAN/App/app_ble.o
 .text.Ble_Hci_Gap_Gatt_Init
                0x000000000800644c      0x134 ./STM32_WPAN/App/app_ble.o
 .text.Adv_Request
                0x0000000008006580       0x60 ./STM32_WPAN/App/app_ble.o
 .text.BleGetBdAddress
                0x00000000080065e0       0x88 ./STM32_WPAN/App/app_ble.o
 .text.Adv_Cancel
                0x0000000008006668       0x34 ./STM32_WPAN/App/app_ble.o
 .text.hci_notify_asynch_evt
                0x000000000800669c       0x18 ./STM32_WPAN/App/app_ble.o
                0x000000000800669c                hci_notify_asynch_evt
 .text.hci_cmd_resp_release
                0x00000000080066b4       0x16 ./STM32_WPAN/App/app_ble.o
                0x00000000080066b4                hci_cmd_resp_release
 .text.hci_cmd_resp_wait
                0x00000000080066ca       0x16 ./STM32_WPAN/App/app_ble.o
                0x00000000080066ca                hci_cmd_resp_wait
 .text.BLE_UserEvtRx
                0x00000000080066e0       0x38 ./STM32_WPAN/App/app_ble.o
 .text.BLE_StatusNot
                0x0000000008006718       0x36 ./STM32_WPAN/App/app_ble.o
 .text.Custom_APP_Notification
                0x000000000800674e       0x28 ./STM32_WPAN/App/custom_app.o
                0x000000000800674e                Custom_APP_Notification
 .text.Custom_APP_Init
                0x0000000008006776        0xe ./STM32_WPAN/App/custom_app.o
                0x0000000008006776                Custom_APP_Init
 .text.Custom_STM_Event_Handler
                0x0000000008006784      0x5cc ./STM32_WPAN/App/custom_stm.o
 .text.SVCCTL_InitCustomSvc
                0x0000000008006d50      0x21c ./STM32_WPAN/App/custom_stm.o
                0x0000000008006d50                SVCCTL_InitCustomSvc
 .text.IBeacon_Init
                0x0000000008006f6c      0x1bc ./STM32_WPAN/App/ibeacon_service.o
 .text.IBeacon_Process
                0x0000000008007128       0x50 ./STM32_WPAN/App/ibeacon_service.o
                0x0000000008007128                IBeacon_Process
 .text.LL_PWR_EnableBootC2
                0x0000000008007178       0x20 ./STM32_WPAN/Target/hw_ipcc.o
 .text.LL_C2_EXTI_EnableEvent_32_63
                0x0000000008007198       0x28 ./STM32_WPAN/Target/hw_ipcc.o
 .text.LL_EXTI_EnableRisingTrig_32_63
                0x00000000080071c0       0x24 ./STM32_WPAN/Target/hw_ipcc.o
 .text.LL_AHB3_GRP1_EnableClock
                0x00000000080071e4       0x32 ./STM32_WPAN/Target/hw_ipcc.o
 .text.LL_C2_AHB3_GRP1_EnableClock
                0x0000000008007216       0x38 ./STM32_WPAN/Target/hw_ipcc.o
 .text.LL_C1_IPCC_EnableIT_TXF
                0x000000000800724e       0x20 ./STM32_WPAN/Target/hw_ipcc.o
 .text.LL_C1_IPCC_EnableIT_RXO
                0x000000000800726e       0x20 ./STM32_WPAN/Target/hw_ipcc.o
 .text.LL_C1_IPCC_EnableTransmitChannel
                0x000000000800728e       0x26 ./STM32_WPAN/Target/hw_ipcc.o
 .text.LL_C1_IPCC_DisableTransmitChannel
                0x00000000080072b4       0x24 ./STM32_WPAN/Target/hw_ipcc.o
 .text.LL_C1_IPCC_EnableReceiveChannel
                0x00000000080072d8       0x24 ./STM32_WPAN/Target/hw_ipcc.o
 .text.LL_C1_IPCC_ClearFlag_CHx
                0x00000000080072fc       0x1c ./STM32_WPAN/Target/hw_ipcc.o
 .text.LL_C1_IPCC_SetFlag_CHx
                0x0000000008007318       0x1e ./STM32_WPAN/Target/hw_ipcc.o
 .text.LL_C1_IPCC_IsActiveFlag_CHx
                0x0000000008007336       0x2a ./STM32_WPAN/Target/hw_ipcc.o
 .text.LL_C2_IPCC_IsActiveFlag_CHx
                0x0000000008007360       0x2a ./STM32_WPAN/Target/hw_ipcc.o
 *fill*         0x000000000800738a        0x2 
 .text.HW_IPCC_Rx_Handler
                0x000000000800738c       0x70 ./STM32_WPAN/Target/hw_ipcc.o
                0x000000000800738c                HW_IPCC_Rx_Handler
 .text.HW_IPCC_Tx_Handler
                0x00000000080073fc       0x74 ./STM32_WPAN/Target/hw_ipcc.o
                0x00000000080073fc                HW_IPCC_Tx_Handler
 .text.HW_IPCC_Enable
                0x0000000008007470       0x28 ./STM32_WPAN/Target/hw_ipcc.o
                0x0000000008007470                HW_IPCC_Enable
 .text.HW_IPCC_Init
                0x0000000008007498       0x2c ./STM32_WPAN/Target/hw_ipcc.o
                0x0000000008007498                HW_IPCC_Init
 .text.HW_IPCC_BLE_Init
                0x00000000080074c4       0x14 ./STM32_WPAN/Target/hw_ipcc.o
                0x00000000080074c4                HW_IPCC_BLE_Init
 .text.HW_IPCC_BLE_SendCmd
                0x00000000080074d8       0x14 ./STM32_WPAN/Target/hw_ipcc.o
                0x00000000080074d8                HW_IPCC_BLE_SendCmd
 .text.HW_IPCC_BLE_EvtHandler
                0x00000000080074ec       0x18 ./STM32_WPAN/Target/hw_ipcc.o
 .text.HW_IPCC_BLE_AclDataEvtHandler
                0x0000000008007504       0x18 ./STM32_WPAN/Target/hw_ipcc.o
 .text.HW_IPCC_SYS_Init
                0x000000000800751c       0x14 ./STM32_WPAN/Target/hw_ipcc.o
                0x000000000800751c                HW_IPCC_SYS_Init
 .text.HW_IPCC_SYS_SendCmd
                0x0000000008007530       0x1c ./STM32_WPAN/Target/hw_ipcc.o
                0x0000000008007530                HW_IPCC_SYS_SendCmd
 .text.HW_IPCC_SYS_CmdEvtHandler
                0x000000000800754c       0x18 ./STM32_WPAN/Target/hw_ipcc.o
 .text.HW_IPCC_SYS_EvtHandler
                0x0000000008007564       0x18 ./STM32_WPAN/Target/hw_ipcc.o
 .text.HW_IPCC_MM_SendFreeBuf
                0x000000000800757c       0x44 ./STM32_WPAN/Target/hw_ipcc.o
                0x000000000800757c                HW_IPCC_MM_SendFreeBuf
 .text.HW_IPCC_MM_FreeBufHandler
                0x00000000080075c0       0x28 ./STM32_WPAN/Target/hw_ipcc.o
 .text.HW_IPCC_TRACES_Init
                0x00000000080075e8       0x14 ./STM32_WPAN/Target/hw_ipcc.o
                0x00000000080075e8                HW_IPCC_TRACES_Init
 .text.HW_IPCC_TRACES_EvtHandler
                0x00000000080075fc       0x18 ./STM32_WPAN/Target/hw_ipcc.o
 .text.UTIL_LPM_Init
                0x0000000008007614       0x24 ./Utilities/lpm/tiny_lpm/stm32_lpm.o
                0x0000000008007614                UTIL_LPM_Init
 .text.UTIL_LPM_SetOffMode
                0x0000000008007638       0x60 ./Utilities/lpm/tiny_lpm/stm32_lpm.o
                0x0000000008007638                UTIL_LPM_SetOffMode
 .text.UTIL_SEQ_Run
                0x0000000008007698      0x1d4 ./Utilities/sequencer/stm32_seq.o
                0x0000000008007698                UTIL_SEQ_Run
 .text.UTIL_SEQ_RegTask
                0x000000000800786c       0x44 ./Utilities/sequencer/stm32_seq.o
                0x000000000800786c                UTIL_SEQ_RegTask
 .text.UTIL_SEQ_SetTask
                0x00000000080078b0       0x58 ./Utilities/sequencer/stm32_seq.o
                0x00000000080078b0                UTIL_SEQ_SetTask
 .text.UTIL_SEQ_PauseTask
                0x0000000008007908       0x40 ./Utilities/sequencer/stm32_seq.o
                0x0000000008007908                UTIL_SEQ_PauseTask
 .text.UTIL_SEQ_ResumeTask
                0x0000000008007948       0x40 ./Utilities/sequencer/stm32_seq.o
                0x0000000008007948                UTIL_SEQ_ResumeTask
 .text.UTIL_SEQ_SetEvt
                0x0000000008007988       0x40 ./Utilities/sequencer/stm32_seq.o
                0x0000000008007988                UTIL_SEQ_SetEvt
 .text.UTIL_SEQ_WaitEvt
                0x00000000080079c8       0x9c ./Utilities/sequencer/stm32_seq.o
                0x00000000080079c8                UTIL_SEQ_WaitEvt
 .text.UTIL_SEQ_PreIdle
                0x0000000008007a64        0xe ./Utilities/sequencer/stm32_seq.o
                0x0000000008007a64                UTIL_SEQ_PreIdle
 .text.UTIL_SEQ_PostIdle
                0x0000000008007a72        0xe ./Utilities/sequencer/stm32_seq.o
                0x0000000008007a72                UTIL_SEQ_PostIdle
 .text.SEQ_BitPosition
                0x0000000008007a80       0x74 ./Utilities/sequencer/stm32_seq.o
                0x0000000008007a80                SEQ_BitPosition
 .text.__libc_init_array
                0x0000000008007af4       0x48 c:/st/stm32cubeide_1.8.0/stm32cubeide/plugins/com.st.stm32cube.ide.mcu.externaltools.gnu-tools-for-stm32.9-2020-q2-update.win32_2.0.0.202105311346/tools/bin/../lib/gcc/arm-none-eabi/9.3.1/../../../../arm-none-eabi/lib/thumb/v7e-m+fp/hard\libc_nano.a(lib_a-init.o)
                0x0000000008007af4                __libc_init_array
 .text.memcpy   0x0000000008007b3c       0x1c c:/st/stm32cubeide_1.8.0/stm32cubeide/plugins/com.st.stm32cube.ide.mcu.externaltools.gnu-tools-for-stm32.9-2020-q2-update.win32_2.0.0.202105311346/tools/bin/../lib/gcc/arm-none-eabi/9.3.1/../../../../arm-none-eabi/lib/thumb/v7e-m+fp/hard\libc_nano.a(lib_a-memcpy-stub.o)
                0x0000000008007b3c                memcpy
 .text.memset   0x0000000008007b58       0x10 c:/st/stm32cubeide_1.8.0/stm32cubeide/plugins/com.st.stm32cube.ide.mcu.externaltools.gnu-tools-for-stm32.9-2020-q2-update.win32_2.0.0.202105311346/tools/bin/../lib/gcc/arm-none-eabi/9.3.1/../../../../arm-none-eabi/lib/thumb/v7e-m+fp/hard\libc_nano.a(lib_a-memset.o)
                0x0000000008007b58                memset
 *(.glue_7)
 .glue_7        0x0000000008007b68        0x0 linker stubs
 *(.glue_7t)
 .glue_7t       0x0000000008007b68        0x0 linker stubs
 *(.eh_frame)
 .eh_frame      0x0000000008007b68        0x0 c:/st/stm32cubeide_1.8.0/stm32cubeide/plugins/com.st.stm32cube.ide.mcu.externaltools.gnu-tools-for-stm32.9-2020-q2-update.win32_2.0.0.202105311346/tools/bin/../lib/gcc/arm-none-eabi/9.3.1/thumb/v7e-m+fp/hard/crtbegin.o
 *(.init)
 .init          0x0000000008007b68        0x4 c:/st/stm32cubeide_1.8.0/stm32cubeide/plugins/com.st.stm32cube.ide.mcu.externaltools.gnu-tools-for-stm32.9-2020-q2-update.win32_2.0.0.202105311346/tools/bin/../lib/gcc/arm-none-eabi/9.3.1/thumb/v7e-m+fp/hard/crti.o
                0x0000000008007b68                _init
 .init          0x0000000008007b6c        0x8 c:/st/stm32cubeide_1.8.0/stm32cubeide/plugins/com.st.stm32cube.ide.mcu.externaltools.gnu-tools-for-stm32.9-2020-q2-update.win32_2.0.0.202105311346/tools/bin/../lib/gcc/arm-none-eabi/9.3.1/thumb/v7e-m+fp/hard/crtn.o
 *(.fini)
 .fini          0x0000000008007b74        0x4 c:/st/stm32cubeide_1.8.0/stm32cubeide/plugins/com.st.stm32cube.ide.mcu.externaltools.gnu-tools-for-stm32.9-2020-q2-update.win32_2.0.0.202105311346/tools/bin/../lib/gcc/arm-none-eabi/9.3.1/thumb/v7e-m+fp/hard/crti.o
                0x0000000008007b74                _fini
 .fini          0x0000000008007b78        0x8 c:/st/stm32cubeide_1.8.0/stm32cubeide/plugins/com.st.stm32cube.ide.mcu.externaltools.gnu-tools-for-stm32.9-2020-q2-update.win32_2.0.0.202105311346/tools/bin/../lib/gcc/arm-none-eabi/9.3.1/thumb/v7e-m+fp/hard/crtn.o
                0x0000000008007b80                . = ALIGN (0x4)
                0x0000000008007b80                _etext = .

.vfp11_veneer   0x0000000008007b80        0x0
 .vfp11_veneer  0x0000000008007b80        0x0 linker stubs

.v4_bx          0x0000000008007b80        0x0
 .v4_bx         0x0000000008007b80        0x0 linker stubs

.iplt           0x0000000008007b80        0x0
 .iplt          0x0000000008007b80        0x0 c:/st/stm32cubeide_1.8.0/stm32cubeide/plugins/com.st.stm32cube.ide.mcu.externaltools.gnu-tools-for-stm32.9-2020-q2-update.win32_2.0.0.202105311346/tools/bin/../lib/gcc/arm-none-eabi/9.3.1/thumb/v7e-m+fp/hard/crtbegin.o

.rodata         0x0000000008007b80      0x284
                0x0000000008007b80                . = ALIGN (0x4)
 *(.rodata)
 .rodata        0x0000000008007b80       0x1b ./Core/Src/app_debug.o
 *fill*         0x0000000008007b9b        0x1 
 .rodata        0x0000000008007b9c       0x2c ./Drivers/STM32WBxx_HAL_Driver/Src/stm32wbxx_hal_rcc.o
 .rodata        0x0000000008007bc8       0x3e ./STM32_WPAN/App/app_ble.o
 *fill*         0x0000000008007c06        0x2 
 .rodata        0x0000000008007c08       0x14 ./STM32_WPAN/App/ibeacon_service.o
 *(.rodata*)
 .rodata.aGpioConfigList
                0x0000000008007c1c      0x130 ./Core/Src/app_debug.o
 .rodata.AHBPrescTable
                0x0000000008007d4c       0x40 ./Core/Src/system_stm32wbxx.o
                0x0000000008007d4c                AHBPrescTable
 .rodata.MSIRangeTable
                0x0000000008007d8c       0x40 ./Core/Src/system_stm32wbxx.o
                0x0000000008007d8c                MSIRangeTable
 .rodata.M_bd_addr
                0x0000000008007dcc        0x6 ./STM32_WPAN/App/app_ble.o
 *fill*         0x0000000008007dd2        0x2 
 .rodata.BLE_CFG_IR_VALUE
                0x0000000008007dd4       0x10 ./STM32_WPAN/App/app_ble.o
 .rodata.BLE_CFG_ER_VALUE
                0x0000000008007de4       0x10 ./STM32_WPAN/App/app_ble.o
 .rodata.SEQ_clz_table_4bit
                0x0000000008007df4       0x10 ./Utilities/sequencer/stm32_seq.o
                0x0000000008007e04                . = ALIGN (0x4)

.rel.dyn        0x0000000008007e04        0x0
 .rel.iplt      0x0000000008007e04        0x0 c:/st/stm32cubeide_1.8.0/stm32cubeide/plugins/com.st.stm32cube.ide.mcu.externaltools.gnu-tools-for-stm32.9-2020-q2-update.win32_2.0.0.202105311346/tools/bin/../lib/gcc/arm-none-eabi/9.3.1/thumb/v7e-m+fp/hard/crtbegin.o

.ARM.extab
 *(.ARM.extab* .gnu.linkonce.armextab.*)

.ARM            0x0000000008007e04        0x0
                0x0000000008007e04                __exidx_start = .
 *(.ARM.exidx*)
                0x0000000008007e04                __exidx_end = .

.preinit_array  0x0000000008007e04        0x0
                0x0000000008007e04                PROVIDE (__preinit_array_start = .)
 *(.preinit_array*)
                0x0000000008007e04                PROVIDE (__preinit_array_end = .)

.init_array     0x0000000008007e04        0x4
                0x0000000008007e04                PROVIDE (__init_array_start = .)
 *(SORT_BY_NAME(.init_array.*))
 *(.init_array*)
 .init_array    0x0000000008007e04        0x4 c:/st/stm32cubeide_1.8.0/stm32cubeide/plugins/com.st.stm32cube.ide.mcu.externaltools.gnu-tools-for-stm32.9-2020-q2-update.win32_2.0.0.202105311346/tools/bin/../lib/gcc/arm-none-eabi/9.3.1/thumb/v7e-m+fp/hard/crtbegin.o
                0x0000000008007e08                PROVIDE (__init_array_end = .)

.fini_array     0x0000000008007e08        0x4
                [!provide]                        PROVIDE (__fini_array_start = .)
 *(SORT_BY_NAME(.fini_array.*))
 *(.fini_array*)
 .fini_array    0x0000000008007e08        0x4 c:/st/stm32cubeide_1.8.0/stm32cubeide/plugins/com.st.stm32cube.ide.mcu.externaltools.gnu-tools-for-stm32.9-2020-q2-update.win32_2.0.0.202105311346/tools/bin/../lib/gcc/arm-none-eabi/9.3.1/thumb/v7e-m+fp/hard/crtbegin.o
                [!provide]                        PROVIDE (__fini_array_end = .)
                0x0000000008007e0c                _sidata = LOADADDR (.data)

.data           0x0000000020000004       0x28 load address 0x0000000008007e0c
                0x0000000020000004                . = ALIGN (0x4)
                0x0000000020000004                _sdata = .
 *(.data)
 *(.data*)
 .data.SystemCoreClock
                0x0000000020000004        0x4 ./Core/Src/system_stm32wbxx.o
                0x0000000020000004                SystemCoreClock
 .data.uwTickPrio
                0x0000000020000008        0x4 ./Drivers/STM32WBxx_HAL_Driver/Src/stm32wbxx_hal.o
                0x0000000020000008                uwTickPrio
 .data.uwTickFreq
                0x000000002000000c        0x1 ./Drivers/STM32WBxx_HAL_Driver/Src/stm32wbxx_hal.o
                0x000000002000000c                uwTickFreq
 *fill*         0x000000002000000d        0x3 
 .data.ad_data  0x0000000020000010        0xb ./STM32_WPAN/App/app_ble.o
                0x0000000020000010                ad_data
 *fill*         0x000000002000001b        0x1 
 .data.Power    0x000000002000001c        0x3 ./STM32_WPAN/App/custom_stm.o
                0x000000002000001c                Power
 *fill*         0x000000002000001f        0x1 
 .data.tx_power
                0x0000000020000020        0x3 ./STM32_WPAN/App/custom_stm.o
                0x0000000020000020                tx_power
 *fill*         0x0000000020000023        0x1 
 .data.TaskMask
                0x0000000020000024        0x4 ./Utilities/sequencer/stm32_seq.o
 .data.SuperMask
                0x0000000020000028        0x4 ./Utilities/sequencer/stm32_seq.o
 *(.RamFunc)
 *(.RamFunc*)
                0x000000002000002c                . = ALIGN (0x4)
                0x000000002000002c                _edata = .

.igot.plt       0x000000002000002c        0x0 load address 0x0000000008007e34
 .igot.plt      0x000000002000002c        0x0 c:/st/stm32cubeide_1.8.0/stm32cubeide/plugins/com.st.stm32cube.ide.mcu.externaltools.gnu-tools-for-stm32.9-2020-q2-update.win32_2.0.0.202105311346/tools/bin/../lib/gcc/arm-none-eabi/9.3.1/thumb/v7e-m+fp/hard/crtbegin.o

TIMERSERVER_CONTEXT
                0x000000002000002c       0x99 load address 0x0000000008007e34
 TIMERSERVER_CONTEXT
                0x000000002000002c       0x99 ./Core/Src/hw_timerserver.o

BLE_DRIVER_CONTEXT
                0x00000000200000c8       0x42 load address 0x0000000008007ecd
 BLE_DRIVER_CONTEXT
                0x00000000200000c8       0x21 ./Middlewares/ST/STM32_WPAN/ble/svc/Src/svc_ctl.o
                0x00000000200000c8                SVCCTL_EvtHandler
                0x00000000200000e8                SVCCTL_CltHandler
 *fill*         0x00000000200000e9        0x3 
 BLE_DRIVER_CONTEXT
                0x00000000200000ec       0x11 ./Middlewares/ST/STM32_WPAN/interface/patterns/ble_thread/tl/hci_tl.o
                0x00000000200000fc                UserEventFlow
 *fill*         0x00000000200000fd        0x3 
 BLE_DRIVER_CONTEXT
                0x0000000020000100        0xa ./STM32_WPAN/App/custom_stm.o

SYSTEM_DRIVER_CONTEXT
                0x000000002000010c       0x11 load address 0x0000000008007f0f
 SYSTEM_DRIVER_CONTEXT
                0x000000002000010c       0x11 ./Middlewares/ST/STM32_WPAN/interface/patterns/ble_thread/tl/shci_tl.o
                0x000000002000011c                SHCI_TL_UserEventFlow

BLE_APP_CONTEXT
                0x0000000020000120       0x84 load address 0x0000000008007f20
 BLE_APP_CONTEXT
                0x0000000020000120       0x84 ./STM32_WPAN/App/app_ble.o
                0x00000000200001a4                . = ALIGN (0x4)

.bss            0x00000000200001a4      0x1bc load address 0x0000000008007fa4
                0x00000000200001a4                _sbss = .
                0x00000000200001a4                __bss_start__ = _sbss
 *(.bss)
 .bss           0x00000000200001a4       0x1c c:/st/stm32cubeide_1.8.0/stm32cubeide/plugins/com.st.stm32cube.ide.mcu.externaltools.gnu-tools-for-stm32.9-2020-q2-update.win32_2.0.0.202105311346/tools/bin/../lib/gcc/arm-none-eabi/9.3.1/thumb/v7e-m+fp/hard/crtbegin.o
 *(.bss*)
 .bss.phrtc     0x00000000200001c0        0x4 ./Core/Src/hw_timerserver.o
 .bss.WakeupTimerDivider
                0x00000000200001c4        0x1 ./Core/Src/hw_timerserver.o
 .bss.AsynchPrescalerUserConfig
                0x00000000200001c5        0x1 ./Core/Src/hw_timerserver.o
 .bss.SynchPrescalerUserConfig
                0x00000000200001c6        0x2 ./Core/Src/hw_timerserver.o
 .bss.MaxWakeupTimerSetup
                0x00000000200001c8        0x2 ./Core/Src/hw_timerserver.o
 *fill*         0x00000000200001ca        0x2 
 .bss.hciContext
                0x00000000200001cc       0x20 ./Middlewares/ST/STM32_WPAN/interface/patterns/ble_thread/tl/hci_tl.o
 .bss.HciCmdEventQueue
                0x00000000200001ec        0x8 ./Middlewares/ST/STM32_WPAN/interface/patterns/ble_thread/tl/hci_tl.o
 .bss.StatusNotCallBackFunction
                0x00000000200001f4        0x4 ./Middlewares/ST/STM32_WPAN/interface/patterns/ble_thread/tl/hci_tl.o
 .bss.shciContext
                0x00000000200001f8       0x20 ./Middlewares/ST/STM32_WPAN/interface/patterns/ble_thread/tl/shci_tl.o
 .bss.StatusNotCallBackFunction
                0x0000000020000218        0x4 ./Middlewares/ST/STM32_WPAN/interface/patterns/ble_thread/tl/shci_tl.o
 .bss.LocalFreeBufQueue
                0x000000002000021c        0x8 ./Middlewares/ST/STM32_WPAN/interface/patterns/ble_thread/tl/tl_mbox.o
 .bss.BLE_IoBusEvtCallBackFunction
                0x0000000020000224        0x4 ./Middlewares/ST/STM32_WPAN/interface/patterns/ble_thread/tl/tl_mbox.o
 .bss.BLE_IoBusAclDataTxAck
                0x0000000020000228        0x4 ./Middlewares/ST/STM32_WPAN/interface/patterns/ble_thread/tl/tl_mbox.o
 .bss.SYS_CMD_IoBusCallBackFunction
                0x000000002000022c        0x4 ./Middlewares/ST/STM32_WPAN/interface/patterns/ble_thread/tl/tl_mbox.o
 .bss.SYS_EVT_IoBusCallBackFunction
                0x0000000020000230        0x4 ./Middlewares/ST/STM32_WPAN/interface/patterns/ble_thread/tl/tl_mbox.o
 .bss.p_mem_manager_table.14159
                0x0000000020000234        0x4 ./Middlewares/ST/STM32_WPAN/interface/patterns/ble_thread/tl/tl_mbox.o
 .bss.bd_addr_udn
                0x0000000020000238        0x6 ./STM32_WPAN/App/app_ble.o
 .bss.indexPower
                0x000000002000023e        0x1 ./STM32_WPAN/App/custom_stm.o
                0x000000002000023e                indexPower
 *fill*         0x000000002000023f        0x1 
 .bss.major     0x0000000020000240        0x2 ./STM32_WPAN/App/custom_stm.o
                0x0000000020000240                major
 *fill*         0x0000000020000242        0x2 
 .bss.minor     0x0000000020000244        0x2 ./STM32_WPAN/App/custom_stm.o
                0x0000000020000244                minor
 .bss.data_major
                0x0000000020000246        0x2 ./STM32_WPAN/App/custom_stm.o
                0x0000000020000246                data_major
 .bss.data_minor
                0x0000000020000248        0x2 ./STM32_WPAN/App/custom_stm.o
                0x0000000020000248                data_minor
 *fill*         0x000000002000024a        0x2 
 .bss.FreeBufCb
                0x000000002000024c        0x4 ./STM32_WPAN/Target/hw_ipcc.o
 .bss.StopModeDisable
                0x0000000020000250        0x4 ./Utilities/lpm/tiny_lpm/stm32_lpm.o
 .bss.OffModeDisable
                0x0000000020000254        0x4 ./Utilities/lpm/tiny_lpm/stm32_lpm.o
 .bss.TaskSet   0x0000000020000258        0x4 ./Utilities/sequencer/stm32_seq.o
 .bss.EvtSet    0x000000002000025c        0x4 ./Utilities/sequencer/stm32_seq.o
 .bss.EvtWaited
                0x0000000020000260        0x4 ./Utilities/sequencer/stm32_seq.o
 .bss.CurrentTaskIdx
                0x0000000020000264        0x4 ./Utilities/sequencer/stm32_seq.o
 .bss.TaskCb    0x0000000020000268       0x80 ./Utilities/sequencer/stm32_seq.o
 .bss.TaskPrio  0x00000000200002e8       0x10 ./Utilities/sequencer/stm32_seq.o
 *(COMMON)
 COMMON         0x00000000200002f8       0x60 ./Core/Src/main.o
                0x00000000200002f8                hipcc
                0x0000000020000334                hrtc
 COMMON         0x0000000020000358        0x4 ./Drivers/STM32WBxx_HAL_Driver/Src/stm32wbxx_hal.o
                0x0000000020000358                uwTick
 COMMON         0x000000002000035c        0x4 ./STM32_WPAN/App/app_ble.o
                0x000000002000035c                handleNotification
                0x0000000020000360                . = ALIGN (0x4)
                0x0000000020000360                _ebss = .
                0x0000000020000360                __bss_end__ = _ebss

._user_heap_stack
                0x0000000020000360      0x600 load address 0x0000000008007fa4
                0x0000000020000360                . = ALIGN (0x8)
                [!provide]                        PROVIDE (end = .)
                0x0000000020000360                PROVIDE (_end = .)
                0x0000000020000560                . = (. + _Min_Heap_Size)
 *fill*         0x0000000020000360      0x200 
                0x0000000020000960                . = (. + _Min_Stack_Size)
 *fill*         0x0000000020000560      0x400 
                0x0000000020000960                . = ALIGN (0x8)

/DISCARD/
 libc.a(*)
 libm.a(*)
 libgcc.a(*)

.ARM.attributes
                0x0000000000000000       0x30
 *(.ARM.attributes)
 .ARM.attributes
                0x0000000000000000       0x1e c:/st/stm32cubeide_1.8.0/stm32cubeide/plugins/com.st.stm32cube.ide.mcu.externaltools.gnu-tools-for-stm32.9-2020-q2-update.win32_2.0.0.202105311346/tools/bin/../lib/gcc/arm-none-eabi/9.3.1/thumb/v7e-m+fp/hard/crti.o
 .ARM.attributes
                0x000000000000001e       0x34 c:/st/stm32cubeide_1.8.0/stm32cubeide/plugins/com.st.stm32cube.ide.mcu.externaltools.gnu-tools-for-stm32.9-2020-q2-update.win32_2.0.0.202105311346/tools/bin/../lib/gcc/arm-none-eabi/9.3.1/thumb/v7e-m+fp/hard/crtbegin.o
 .ARM.attributes
                0x0000000000000052       0x34 ./Core/Src/app_debug.o
 .ARM.attributes
                0x0000000000000086       0x34 ./Core/Src/app_entry.o
 .ARM.attributes
                0x00000000000000ba       0x34 ./Core/Src/hw_timerserver.o
 .ARM.attributes
                0x00000000000000ee       0x34 ./Core/Src/main.o
 .ARM.attributes
                0x0000000000000122       0x34 ./Core/Src/stm32wbxx_hal_msp.o
 .ARM.attributes
                0x0000000000000156       0x34 ./Core/Src/stm32wbxx_it.o
 .ARM.attributes
                0x000000000000018a       0x34 ./Core/Src/system_stm32wbxx.o
 .ARM.attributes
                0x00000000000001be       0x21 ./Core/Startup/startup_stm32wb55rgvx.o
 .ARM.attributes
                0x00000000000001df       0x34 ./Drivers/STM32WBxx_HAL_Driver/Src/stm32wbxx_hal.o
 .ARM.attributes
                0x0000000000000213       0x34 ./Drivers/STM32WBxx_HAL_Driver/Src/stm32wbxx_hal_cortex.o
 .ARM.attributes
                0x0000000000000247       0x34 ./Drivers/STM32WBxx_HAL_Driver/Src/stm32wbxx_hal_gpio.o
 .ARM.attributes
                0x000000000000027b       0x34 ./Drivers/STM32WBxx_HAL_Driver/Src/stm32wbxx_hal_hsem.o
 .ARM.attributes
                0x00000000000002af       0x34 ./Drivers/STM32WBxx_HAL_Driver/Src/stm32wbxx_hal_ipcc.o
 .ARM.attributes
                0x00000000000002e3       0x34 ./Drivers/STM32WBxx_HAL_Driver/Src/stm32wbxx_hal_pwr.o
 .ARM.attributes
                0x0000000000000317       0x34 ./Drivers/STM32WBxx_HAL_Driver/Src/stm32wbxx_hal_pwr_ex.o
 .ARM.attributes
                0x000000000000034b       0x34 ./Drivers/STM32WBxx_HAL_Driver/Src/stm32wbxx_hal_rcc.o
 .ARM.attributes
                0x000000000000037f       0x34 ./Drivers/STM32WBxx_HAL_Driver/Src/stm32wbxx_hal_rcc_ex.o
 .ARM.attributes
                0x00000000000003b3       0x34 ./Drivers/STM32WBxx_HAL_Driver/Src/stm32wbxx_hal_rtc.o
 .ARM.attributes
                0x00000000000003e7       0x34 ./Drivers/STM32WBxx_HAL_Driver/Src/stm32wbxx_hal_rtc_ex.o
 .ARM.attributes
                0x000000000000041b       0x34 ./Middlewares/ST/STM32_WPAN/ble/core/auto/ble_gap_aci.o
 .ARM.attributes
                0x000000000000044f       0x34 ./Middlewares/ST/STM32_WPAN/ble/core/auto/ble_gatt_aci.o
 .ARM.attributes
                0x0000000000000483       0x34 ./Middlewares/ST/STM32_WPAN/ble/core/auto/ble_hal_aci.o
 .ARM.attributes
                0x00000000000004b7       0x34 ./Middlewares/ST/STM32_WPAN/ble/core/auto/ble_hci_le.o
 .ARM.attributes
                0x00000000000004eb       0x34 ./Middlewares/ST/STM32_WPAN/ble/core/template/osal.o
 .ARM.attributes
                0x000000000000051f       0x34 ./Middlewares/ST/STM32_WPAN/ble/svc/Src/svc_ctl.o
 .ARM.attributes
                0x0000000000000553       0x34 ./Middlewares/ST/STM32_WPAN/interface/patterns/ble_thread/shci/shci.o
 .ARM.attributes
                0x0000000000000587       0x34 ./Middlewares/ST/STM32_WPAN/interface/patterns/ble_thread/tl/hci_tl.o
 .ARM.attributes
                0x00000000000005bb       0x34 ./Middlewares/ST/STM32_WPAN/interface/patterns/ble_thread/tl/hci_tl_if.o
 .ARM.attributes
                0x00000000000005ef       0x34 ./Middlewares/ST/STM32_WPAN/interface/patterns/ble_thread/tl/shci_tl.o
 .ARM.attributes
                0x0000000000000623       0x34 ./Middlewares/ST/STM32_WPAN/interface/patterns/ble_thread/tl/shci_tl_if.o
 .ARM.attributes
                0x0000000000000657       0x34 ./Middlewares/ST/STM32_WPAN/interface/patterns/ble_thread/tl/tl_mbox.o
 .ARM.attributes
                0x000000000000068b       0x34 ./Middlewares/ST/STM32_WPAN/utilities/otp.o
 .ARM.attributes
                0x00000000000006bf       0x34 ./Middlewares/ST/STM32_WPAN/utilities/stm_list.o
 .ARM.attributes
                0x00000000000006f3       0x34 ./STM32_WPAN/App/app_ble.o
 .ARM.attributes
                0x0000000000000727       0x34 ./STM32_WPAN/App/custom_app.o
 .ARM.attributes
                0x000000000000075b       0x34 ./STM32_WPAN/App/custom_stm.o
 .ARM.attributes
                0x000000000000078f       0x34 ./STM32_WPAN/App/ibeacon_service.o
 .ARM.attributes
                0x00000000000007c3       0x34 ./STM32_WPAN/Target/hw_ipcc.o
 .ARM.attributes
                0x00000000000007f7       0x34 ./Utilities/lpm/tiny_lpm/stm32_lpm.o
 .ARM.attributes
                0x000000000000082b       0x34 ./Utilities/sequencer/stm32_seq.o
 .ARM.attributes
                0x000000000000085f       0x34 c:/st/stm32cubeide_1.8.0/stm32cubeide/plugins/com.st.stm32cube.ide.mcu.externaltools.gnu-tools-for-stm32.9-2020-q2-update.win32_2.0.0.202105311346/tools/bin/../lib/gcc/arm-none-eabi/9.3.1/../../../../arm-none-eabi/lib/thumb/v7e-m+fp/hard\libc_nano.a(lib_a-init.o)
 .ARM.attributes
                0x0000000000000893       0x34 c:/st/stm32cubeide_1.8.0/stm32cubeide/plugins/com.st.stm32cube.ide.mcu.externaltools.gnu-tools-for-stm32.9-2020-q2-update.win32_2.0.0.202105311346/tools/bin/../lib/gcc/arm-none-eabi/9.3.1/../../../../arm-none-eabi/lib/thumb/v7e-m+fp/hard\libc_nano.a(lib_a-memcpy-stub.o)
 .ARM.attributes
                0x00000000000008c7       0x34 c:/st/stm32cubeide_1.8.0/stm32cubeide/plugins/com.st.stm32cube.ide.mcu.externaltools.gnu-tools-for-stm32.9-2020-q2-update.win32_2.0.0.202105311346/tools/bin/../lib/gcc/arm-none-eabi/9.3.1/../../../../arm-none-eabi/lib/thumb/v7e-m+fp/hard\libc_nano.a(lib_a-memset.o)
 .ARM.attributes
                0x00000000000008fb       0x17 c:/st/stm32cubeide_1.8.0/stm32cubeide/plugins/com.st.stm32cube.ide.mcu.externaltools.gnu-tools-for-stm32.9-2020-q2-update.win32_2.0.0.202105311346/tools/bin/../lib/gcc/arm-none-eabi/9.3.1/../../../../arm-none-eabi/lib/thumb/v7e-m+fp/hard\libc_nano.a(lib_a-strlen.o)
 .ARM.attributes
                0x0000000000000912       0x1e c:/st/stm32cubeide_1.8.0/stm32cubeide/plugins/com.st.stm32cube.ide.mcu.externaltools.gnu-tools-for-stm32.9-2020-q2-update.win32_2.0.0.202105311346/tools/bin/../lib/gcc/arm-none-eabi/9.3.1/thumb/v7e-m+fp/hard/crtn.o

MAPPING_TABLE   0x0000000020030000       0x28
 *(MAPPING_TABLE)
 MAPPING_TABLE  0x0000000020030000       0x28 ./Middlewares/ST/STM32_WPAN/interface/patterns/ble_thread/tl/tl_mbox.o

MB_MEM1         0x0000000020030028      0x1b7
 *(MB_MEM1)
 MB_MEM1        0x0000000020030028       0xac ./Middlewares/ST/STM32_WPAN/interface/patterns/ble_thread/tl/tl_mbox.o
 MB_MEM1        0x00000000200300d4      0x10b ./STM32_WPAN/App/app_ble.o

MB_MEM2         0x00000000200301e0      0x877
                0x00000000200301e0                _sMB_MEM2 = .
 *(MB_MEM2)
 MB_MEM2        0x00000000200301e0        0x8 ./Core/Src/app_debug.o
 MB_MEM2        0x00000000200301e8      0x85e ./Core/Src/app_entry.o
 *fill*         0x0000000020030a46        0x2 
 MB_MEM2        0x0000000020030a48        0xf ./Middlewares/ST/STM32_WPAN/interface/patterns/ble_thread/tl/tl_mbox.o
                0x0000000020030a57                _eMB_MEM2 = .
OUTPUT(BLE_Profil.elf elf32-littlearm)
LOAD linker stubs
LOAD c:/st/stm32cubeide_1.8.0/stm32cubeide/plugins/com.st.stm32cube.ide.mcu.externaltools.gnu-tools-for-stm32.9-2020-q2-update.win32_2.0.0.202105311346/tools/bin/../lib/gcc/arm-none-eabi/9.3.1/../../../../arm-none-eabi/lib/thumb/v7e-m+fp/hard\libc.a
LOAD c:/st/stm32cubeide_1.8.0/stm32cubeide/plugins/com.st.stm32cube.ide.mcu.externaltools.gnu-tools-for-stm32.9-2020-q2-update.win32_2.0.0.202105311346/tools/bin/../lib/gcc/arm-none-eabi/9.3.1/../../../../arm-none-eabi/lib/thumb/v7e-m+fp/hard\libm.a
LOAD c:/st/stm32cubeide_1.8.0/stm32cubeide/plugins/com.st.stm32cube.ide.mcu.externaltools.gnu-tools-for-stm32.9-2020-q2-update.win32_2.0.0.202105311346/tools/bin/../lib/gcc/arm-none-eabi/9.3.1/thumb/v7e-m+fp/hard\libgcc.a

.debug_info     0x0000000000000000    0x356a9
 .debug_info    0x0000000000000000     0x14e0 ./Core/Src/app_debug.o
 .debug_info    0x00000000000014e0     0x27fe ./Core/Src/app_entry.o
 .debug_info    0x0000000000003cde     0x1c59 ./Core/Src/hw_timerserver.o
 .debug_info    0x0000000000005937     0x1ae9 ./Core/Src/main.o
 .debug_info    0x0000000000007420     0x1807 ./Core/Src/stm32wbxx_hal_msp.o
 .debug_info    0x0000000000008c27     0x11b0 ./Core/Src/stm32wbxx_it.o
 .debug_info    0x0000000000009dd7      0x85d ./Core/Src/system_stm32wbxx.o
 .debug_info    0x000000000000a634       0x22 ./Core/Startup/startup_stm32wb55rgvx.o
 .debug_info    0x000000000000a656     0x1461 ./Drivers/STM32WBxx_HAL_Driver/Src/stm32wbxx_hal.o
 .debug_info    0x000000000000bab7      0xecb ./Drivers/STM32WBxx_HAL_Driver/Src/stm32wbxx_hal_cortex.o
 .debug_info    0x000000000000c982      0x891 ./Drivers/STM32WBxx_HAL_Driver/Src/stm32wbxx_hal_gpio.o
 .debug_info    0x000000000000d213      0x587 ./Drivers/STM32WBxx_HAL_Driver/Src/stm32wbxx_hal_hsem.o
 .debug_info    0x000000000000d79a      0x9cd ./Drivers/STM32WBxx_HAL_Driver/Src/stm32wbxx_hal_ipcc.o
 .debug_info    0x000000000000e167      0xa9f ./Drivers/STM32WBxx_HAL_Driver/Src/stm32wbxx_hal_pwr.o
 .debug_info    0x000000000000ec06     0x1257 ./Drivers/STM32WBxx_HAL_Driver/Src/stm32wbxx_hal_pwr_ex.o
 .debug_info    0x000000000000fe5d     0x16c0 ./Drivers/STM32WBxx_HAL_Driver/Src/stm32wbxx_hal_rcc.o
 .debug_info    0x000000000001151d     0x1e49 ./Drivers/STM32WBxx_HAL_Driver/Src/stm32wbxx_hal_rcc_ex.o
 .debug_info    0x0000000000013366      0xf2c ./Drivers/STM32WBxx_HAL_Driver/Src/stm32wbxx_hal_rtc.o
 .debug_info    0x0000000000014292     0x1229 ./Drivers/STM32WBxx_HAL_Driver/Src/stm32wbxx_hal_rtc_ex.o
 .debug_info    0x00000000000154bb     0x3f8e ./Middlewares/ST/STM32_WPAN/ble/core/auto/ble_gap_aci.o
 .debug_info    0x0000000000019449     0x3acc ./Middlewares/ST/STM32_WPAN/ble/core/auto/ble_gatt_aci.o
 .debug_info    0x000000000001cf15     0x1617 ./Middlewares/ST/STM32_WPAN/ble/core/auto/ble_hal_aci.o
 .debug_info    0x000000000001e52c     0x498e ./Middlewares/ST/STM32_WPAN/ble/core/auto/ble_hci_le.o
 .debug_info    0x0000000000022eba      0x9f2 ./Middlewares/ST/STM32_WPAN/ble/core/template/osal.o
 .debug_info    0x00000000000238ac      0xfd4 ./Middlewares/ST/STM32_WPAN/ble/svc/Src/svc_ctl.o
 .debug_info    0x0000000000024880     0x23e6 ./Middlewares/ST/STM32_WPAN/interface/patterns/ble_thread/shci/shci.o
 .debug_info    0x0000000000026c66     0x1312 ./Middlewares/ST/STM32_WPAN/interface/patterns/ble_thread/tl/hci_tl.o
 .debug_info    0x0000000000027f78      0xa6a ./Middlewares/ST/STM32_WPAN/interface/patterns/ble_thread/tl/hci_tl_if.o
 .debug_info    0x00000000000289e2      0xfe9 ./Middlewares/ST/STM32_WPAN/interface/patterns/ble_thread/tl/shci_tl.o
 .debug_info    0x00000000000299cb      0xa6a ./Middlewares/ST/STM32_WPAN/interface/patterns/ble_thread/tl/shci_tl_if.o
 .debug_info    0x000000000002a435     0x177b ./Middlewares/ST/STM32_WPAN/interface/patterns/ble_thread/tl/tl_mbox.o
 .debug_info    0x000000000002bbb0      0xb3a ./Middlewares/ST/STM32_WPAN/utilities/otp.o
 .debug_info    0x000000000002c6ea     0x11a3 ./Middlewares/ST/STM32_WPAN/utilities/stm_list.o
 .debug_info    0x000000000002d88d     0x1ab1 ./STM32_WPAN/App/app_ble.o
 .debug_info    0x000000000002f33e      0xddf ./STM32_WPAN/App/custom_app.o
 .debug_info    0x000000000003011d     0x1177 ./STM32_WPAN/App/custom_stm.o
 .debug_info    0x0000000000031294      0xd2c ./STM32_WPAN/App/ibeacon_service.o